Dec 22 18:19:50 nixos kernel: Linux version 6.1.68 (nixbld@localhost) (gcc (GCC) 12.3.0, GNU ld (GNU Binutils) 2.40) #1-NixOS SMP PREEMPT_DYNAMIC Wed Dec 13 17:39:30 UTC 2023
Dec 22 18:19:50 nixos kernel: Command line: initrd=\efi\nixos\2450795d1gdv5bclp0ikmkhymg5sry4w-initrd-linux-6.1.68-initrd.efi init=/nix/store/3wvi4dzfg4jv8rhc7452z65l4mib11a8-nixos-system-nixos-23.11.2082.d02ffbbe834b/init loglevel=4
Dec 22 18:19:50 nixos kernel: BIOS-provided physical RAM map:
Dec 22 18:19:50 nixos kernel: BIOS-e820: [mem 0x0000000000000000-0x000000000009ffff] usable
Dec 22 18:19:50 nixos kernel: BIOS-e820: [mem 0x00000000000a0000-0x00000000000fffff] reserved
Dec 22 18:19:50 nixos kernel: BIOS-e820: [mem 0x0000000000100000-0x0000000009dbefff] usable
Dec 22 18:19:50 nixos kernel: BIOS-e820: [mem 0x0000000009dbf000-0x000000000a000fff] reserved
Dec 22 18:19:50 nixos kernel: BIOS-e820: [mem 0x000000000a001000-0x000000000a1fffff] usable
Dec 22 18:19:50 nixos kernel: BIOS-e820: [mem 0x000000000a200000-0x000000000a20efff] ACPI NVS
Dec 22 18:19:50 nixos kernel: BIOS-e820: [mem 0x000000000a20f000-0x00000000eae11fff] usable
Dec 22 18:19:50 nixos kernel: BIOS-e820: [mem 0x00000000eae12000-0x00000000ec32bfff] reserved
Dec 22 18:19:50 nixos kernel: BIOS-e820: [mem 0x00000000ec32c000-0x00000000ec38ffff] ACPI data
Dec 22 18:19:50 nixos kernel: BIOS-e820: [mem 0x00000000ec390000-0x00000000ec549fff] ACPI NVS
Dec 22 18:19:50 nixos kernel: BIOS-e820: [mem 0x00000000ec54a000-0x00000000ecdfefff] reserved
Dec 22 18:19:50 nixos kernel: BIOS-e820: [mem 0x00000000ecdff000-0x00000000edffffff] usable
Dec 22 18:19:50 nixos kernel: BIOS-e820: [mem 0x00000000ee000000-0x00000000f7ffffff] reserved
Dec 22 18:19:50 nixos kernel: BIOS-e820: [mem 0x00000000fd000000-0x00000000fdffffff] reserved
Dec 22 18:19:50 nixos kernel: BIOS-e820: [mem 0x00000000feb80000-0x00000000fec01fff] reserved
Dec 22 18:19:50 nixos kernel: BIOS-e820: [mem 0x00000000fec10000-0x00000000fec10fff] reserved
Dec 22 18:19:50 nixos kernel: BIOS-e820: [mem 0x00000000fed00000-0x00000000fed00fff] reserved
Dec 22 18:19:50 nixos kernel: BIOS-e820: [mem 0x00000000fed40000-0x00000000fed44fff] reserved
Dec 22 18:19:50 nixos kernel: BIOS-e820: [mem 0x00000000fed80000-0x00000000fed8ffff] reserved
Dec 22 18:19:50 nixos kernel: BIOS-e820: [mem 0x00000000fedc4000-0x00000000fedc9fff] reserved
Dec 22 18:19:50 nixos kernel: BIOS-e820: [mem 0x00000000fedcc000-0x00000000fedcefff] reserved
Dec 22 18:19:50 nixos kernel: BIOS-e820: [mem 0x00000000fedd5000-0x00000000fedd5fff] reserved
Dec 22 18:19:50 nixos kernel: BIOS-e820: [mem 0x00000000ff000000-0x00000000ffffffff] reserved
Dec 22 18:19:50 nixos kernel: BIOS-e820: [mem 0x0000000100000000-0x00000003ee2fffff] usable
Dec 22 18:19:50 nixos kernel: BIOS-e820: [mem 0x00000003ee300000-0x000000040fffffff] reserved
Dec 22 18:19:50 nixos kernel: NX (Execute Disable) protection: active
Dec 22 18:19:50 nixos kernel: e820: update [mem 0xe63c0018-0xe63cd857] usable ==> usable
Dec 22 18:19:50 nixos kernel: e820: update [mem 0xe63c0018-0xe63cd857] usable ==> usable
Dec 22 18:19:50 nixos kernel: extended physical RAM map:
Dec 22 18:19:50 nixos kernel: reserve setup_data: [mem 0x0000000000000000-0x000000000009ffff] usable
Dec 22 18:19:50 nixos kernel: reserve setup_data: [mem 0x00000000000a0000-0x00000000000fffff] reserved
Dec 22 18:19:50 nixos kernel: reserve setup_data: [mem 0x0000000000100000-0x0000000009dbefff] usable
Dec 22 18:19:50 nixos kernel: reserve setup_data: [mem 0x0000000009dbf000-0x000000000a000fff] reserved
Dec 22 18:19:50 nixos kernel: reserve setup_data: [mem 0x000000000a001000-0x000000000a1fffff] usable
Dec 22 18:19:50 nixos kernel: reserve setup_data: [mem 0x000000000a200000-0x000000000a20efff] ACPI NVS
Dec 22 18:19:50 nixos kernel: reserve setup_data: [mem 0x000000000a20f000-0x00000000e63c0017] usable
Dec 22 18:19:50 nixos kernel: reserve setup_data: [mem 0x00000000e63c0018-0x00000000e63cd857] usable
Dec 22 18:19:50 nixos kernel: reserve setup_data: [mem 0x00000000e63cd858-0x00000000eae11fff] usable
Dec 22 18:19:50 nixos kernel: reserve setup_data: [mem 0x00000000eae12000-0x00000000ec32bfff] reserved
Dec 22 18:19:50 nixos kernel: reserve setup_data: [mem 0x00000000ec32c000-0x00000000ec38ffff] ACPI data
Dec 22 18:19:50 nixos kernel: reserve setup_data: [mem 0x00000000ec390000-0x00000000ec549fff] ACPI NVS
Dec 22 18:19:50 nixos kernel: reserve setup_data: [mem 0x00000000ec54a000-0x00000000ecdfefff] reserved
Dec 22 18:19:50 nixos kernel: reserve setup_data: [mem 0x00000000ecdff000-0x00000000edffffff] usable
Dec 22 18:19:50 nixos kernel: reserve setup_data: [mem 0x00000000ee000000-0x00000000f7ffffff] reserved
Dec 22 18:19:50 nixos kernel: reserve setup_data: [mem 0x00000000fd000000-0x00000000fdffffff] reserved
Dec 22 18:19:50 nixos kernel: reserve setup_data: [mem 0x00000000feb80000-0x00000000fec01fff] reserved
Dec 22 18:19:50 nixos kernel: reserve setup_data: [mem 0x00000000fec10000-0x00000000fec10fff] reserved
Dec 22 18:19:50 nixos kernel: reserve setup_data: [mem 0x00000000fed00000-0x00000000fed00fff] reserved
Dec 22 18:19:50 nixos kernel: reserve setup_data: [mem 0x00000000fed40000-0x00000000fed44fff] reserved
Dec 22 18:19:50 nixos kernel: reserve setup_data: [mem 0x00000000fed80000-0x00000000fed8ffff] reserved
Dec 22 18:19:50 nixos kernel: reserve setup_data: [mem 0x00000000fedc4000-0x00000000fedc9fff] reserved
Dec 22 18:19:50 nixos kernel: reserve setup_data: [mem 0x00000000fedcc000-0x00000000fedcefff] reserved
Dec 22 18:19:50 nixos kernel: reserve setup_data: [mem 0x00000000fedd5000-0x00000000fedd5fff] reserved
Dec 22 18:19:50 nixos kernel: reserve setup_data: [mem 0x00000000ff000000-0x00000000ffffffff] reserved
Dec 22 18:19:50 nixos kernel: reserve setup_data: [mem 0x0000000100000000-0x00000003ee2fffff] usable
Dec 22 18:19:50 nixos kernel: reserve setup_data: [mem 0x00000003ee300000-0x000000040fffffff] reserved
Dec 22 18:19:50 nixos kernel: efi: EFI v2.70 by American Megatrends
Dec 22 18:19:50 nixos kernel: efi: ACPI=0xec532000 ACPI 2.0=0xec532014 TPMFinalLog=0xec4fd000 SMBIOS=0xecbe4000 SMBIOS 3.0=0xecbe3000 MEMATTR=0xe7047018 ESRT=0xe991d898 RNG=0xec33ff18 INITRD=0xe7026e18 TPMEventLog=0xe63ce018 
Dec 22 18:19:50 nixos kernel: random: crng init done
Dec 22 18:19:50 nixos kernel: SMBIOS 3.3.0 present.
Dec 22 18:19:50 nixos kernel: DMI: ASUSTeK COMPUTER INC. ROG Zephyrus G15 GA503QR_GA503QR/GA503QR, BIOS GA503QR.416 08/11/2023
Dec 22 18:19:50 nixos kernel: tsc: Fast TSC calibration using PIT
Dec 22 18:19:50 nixos kernel: tsc: Detected 3293.844 MHz processor
Dec 22 18:19:50 nixos kernel: e820: update [mem 0x00000000-0x00000fff] usable ==> reserved
Dec 22 18:19:50 nixos kernel: e820: remove [mem 0x000a0000-0x000fffff] usable
Dec 22 18:19:50 nixos kernel: last_pfn = 0x3ee300 max_arch_pfn = 0x400000000
Dec 22 18:19:50 nixos kernel: x86/PAT: Configuration [0-7]: WB  WC  UC- UC  WB  WP  UC- WT  
Dec 22 18:19:50 nixos kernel: e820: update [mem 0xf0000000-0xffffffff] usable ==> reserved
Dec 22 18:19:50 nixos kernel: last_pfn = 0xee000 max_arch_pfn = 0x400000000
Dec 22 18:19:50 nixos kernel: esrt: Reserving ESRT space from 0x00000000e991d898 to 0x00000000e991d8d0.
Dec 22 18:19:50 nixos kernel: e820: update [mem 0xe991d000-0xe991dfff] usable ==> reserved
Dec 22 18:19:50 nixos kernel: Using GB pages for direct mapping
Dec 22 18:19:50 nixos kernel: Secure boot disabled
Dec 22 18:19:50 nixos kernel: RAMDISK: [mem 0xe1f73000-0xe2bc1fff]
Dec 22 18:19:50 nixos kernel: ACPI: Early table checksum verification disabled
Dec 22 18:19:50 nixos kernel: ACPI: RSDP 0x00000000EC532014 000024 (v02 ALASKA)
Dec 22 18:19:50 nixos kernel: ACPI: XSDT 0x00000000EC531728 000114 (v01 ALASKA A M I    01072009 AMI  01000013)
Dec 22 18:19:50 nixos kernel: ACPI: FACP 0x00000000EC381000 000114 (v06 ALASKA A M I    01072009 AMI  00010013)
Dec 22 18:19:50 nixos kernel: ACPI: DSDT 0x00000000EC374000 00CFEC (v02 ALASKA A M I    01072009 INTL 20190509)
Dec 22 18:19:50 nixos kernel: ACPI: FACS 0x00000000EC4FB000 000040
Dec 22 18:19:50 nixos kernel: ACPI: MSDM 0x00000000EC38F000 000055 (v03 ALASKA A M I    01072009 ASUS 00000001)
Dec 22 18:19:50 nixos kernel: ACPI: SSDT 0x00000000EC387000 007229 (v02 AMD    AmdTable 00000002 MSFT 04000000)
Dec 22 18:19:50 nixos kernel: ACPI: IVRS 0x00000000EC386000 0001A4 (v02 AMD    AmdTable 00000001 AMD  00000000)
Dec 22 18:19:50 nixos kernel: ACPI: SSDT 0x00000000EC382000 003A21 (v01 AMD    AMD AOD  00000001 INTL 20190509)
Dec 22 18:19:50 nixos kernel: ACPI: FIDT 0x00000000EC373000 00009C (v01 ALASKA A M I    01072009 AMI  00010013)
Dec 22 18:19:50 nixos kernel: ACPI: ECDT 0x00000000EC372000 0000C1 (v01 ALASKA A M I    01072009 AMI. 00000005)
Dec 22 18:19:50 nixos kernel: ACPI: MCFG 0x00000000EC371000 00003C (v01 ALASKA A M I    01072009 MSFT 00010013)
Dec 22 18:19:50 nixos kernel: ACPI: HPET 0x00000000EC370000 000038 (v01 ALASKA A M I    01072009 AMI  00000005)
Dec 22 18:19:50 nixos kernel: ACPI: VFCT 0x00000000EC362000 00D884 (v01 ALASKA A M I    00000001 AMD  31504F47)
Dec 22 18:19:50 nixos kernel: ACPI: BGRT 0x00000000EC361000 000038 (v01 ALASKA A M I    01072009 AMI  00010013)
Dec 22 18:19:50 nixos kernel: ACPI: TPM2 0x00000000EC360000 00004C (v04 ALASKA A M I    00000001 AMI  00000000)
Dec 22 18:19:50 nixos kernel: ACPI: SSDT 0x00000000EC35A000 005354 (v02 AMD    AmdTable 00000001 AMD  00000001)
Dec 22 18:19:50 nixos kernel: ACPI: CRAT 0x00000000EC359000 000EE8 (v01 AMD    AmdTable 00000001 AMD  00000001)
Dec 22 18:19:50 nixos kernel: ACPI: CDIT 0x00000000EC358000 000029 (v01 AMD    AmdTable 00000001 AMD  00000001)
Dec 22 18:19:50 nixos kernel: ACPI: SSDT 0x00000000EC357000 000149 (v01 AMD    AmdTable 00000001 INTL 20190509)
Dec 22 18:19:50 nixos kernel: ACPI: SSDT 0x00000000EC356000 00048C (v01 AMD    AmdTable 00000001 INTL 20190509)
Dec 22 18:19:50 nixos kernel: ACPI: SSDT 0x00000000EC354000 001486 (v01 AMD    AmdTable 00000001 INTL 20190509)
Dec 22 18:19:50 nixos kernel: ACPI: SSDT 0x00000000EC352000 0014F6 (v01 AMD    AmdTable 00000001 INTL 20190509)
Dec 22 18:19:50 nixos kernel: ACPI: SSDT 0x00000000EC34E000 003A77 (v01 AMD    AmdTable 00000001 INTL 20190509)
Dec 22 18:19:50 nixos kernel: ACPI: SSDT 0x00000000EC34A000 003756 (v01 AMD    AmdTable 00000001 INTL 20190509)
Dec 22 18:19:50 nixos kernel: ACPI: WSMT 0x00000000EC349000 000028 (v01 ALASKA A M I    01072009 AMI  00010013)
Dec 22 18:19:50 nixos kernel: ACPI: APIC 0x00000000EC348000 0000DE (v03 ALASKA A M I    01072009 AMI  00010013)
Dec 22 18:19:50 nixos kernel: ACPI: SSDT 0x00000000EC347000 00008D (v01 AMD    AmdTable 00000001 INTL 20190509)
Dec 22 18:19:50 nixos kernel: ACPI: SSDT 0x00000000EC346000 000917 (v01 AMD    AmdTable 00000001 INTL 20190509)
Dec 22 18:19:50 nixos kernel: ACPI: SSDT 0x00000000EC344000 0010D6 (v01 AMD    AmdTable 00000001 INTL 20190509)
Dec 22 18:19:50 nixos kernel: ACPI: SSDT 0x00000000EC343000 000241 (v01 AMD    AmdTable 00000001 INTL 20190509)
Dec 22 18:19:50 nixos kernel: ACPI: SSDT 0x00000000EC342000 0005FE (v01 AMD    AmdTable 00000001 INTL 20190509)
Dec 22 18:19:50 nixos kernel: ACPI: SSDT 0x00000000EC341000 0006A4 (v01 AMD    AmdTable 00000001 INTL 20190509)
Dec 22 18:19:50 nixos kernel: ACPI: FPDT 0x00000000EC340000 000044 (v01 ALASKA A M I    01072009 AMI  01000013)
Dec 22 18:19:50 nixos kernel: ACPI: Reserving FACP table memory at [mem 0xec381000-0xec381113]
Dec 22 18:19:50 nixos kernel: ACPI: Reserving DSDT table memory at [mem 0xec374000-0xec380feb]
Dec 22 18:19:50 nixos kernel: ACPI: Reserving FACS table memory at [mem 0xec4fb000-0xec4fb03f]
Dec 22 18:19:50 nixos kernel: ACPI: Reserving MSDM table memory at [mem 0xec38f000-0xec38f054]
Dec 22 18:19:50 nixos kernel: ACPI: Reserving SSDT table memory at [mem 0xec387000-0xec38e228]
Dec 22 18:19:50 nixos kernel: ACPI: Reserving IVRS table memory at [mem 0xec386000-0xec3861a3]
Dec 22 18:19:50 nixos kernel: ACPI: Reserving SSDT table memory at [mem 0xec382000-0xec385a20]
Dec 22 18:19:50 nixos kernel: ACPI: Reserving FIDT table memory at [mem 0xec373000-0xec37309b]
Dec 22 18:19:50 nixos kernel: ACPI: Reserving ECDT table memory at [mem 0xec372000-0xec3720c0]
Dec 22 18:19:50 nixos kernel: ACPI: Reserving MCFG table memory at [mem 0xec371000-0xec37103b]
Dec 22 18:19:50 nixos kernel: ACPI: Reserving HPET table memory at [mem 0xec370000-0xec370037]
Dec 22 18:19:50 nixos kernel: ACPI: Reserving VFCT table memory at [mem 0xec362000-0xec36f883]
Dec 22 18:19:50 nixos kernel: ACPI: Reserving BGRT table memory at [mem 0xec361000-0xec361037]
Dec 22 18:19:50 nixos kernel: ACPI: Reserving TPM2 table memory at [mem 0xec360000-0xec36004b]
Dec 22 18:19:50 nixos kernel: ACPI: Reserving SSDT table memory at [mem 0xec35a000-0xec35f353]
Dec 22 18:19:50 nixos kernel: ACPI: Reserving CRAT table memory at [mem 0xec359000-0xec359ee7]
Dec 22 18:19:50 nixos kernel: ACPI: Reserving CDIT table memory at [mem 0xec358000-0xec358028]
Dec 22 18:19:50 nixos kernel: ACPI: Reserving SSDT table memory at [mem 0xec357000-0xec357148]
Dec 22 18:19:50 nixos kernel: ACPI: Reserving SSDT table memory at [mem 0xec356000-0xec35648b]
Dec 22 18:19:50 nixos kernel: ACPI: Reserving SSDT table memory at [mem 0xec354000-0xec355485]
Dec 22 18:19:50 nixos kernel: ACPI: Reserving SSDT table memory at [mem 0xec352000-0xec3534f5]
Dec 22 18:19:50 nixos kernel: ACPI: Reserving SSDT table memory at [mem 0xec34e000-0xec351a76]
Dec 22 18:19:50 nixos kernel: ACPI: Reserving SSDT table memory at [mem 0xec34a000-0xec34d755]
Dec 22 18:19:50 nixos kernel: ACPI: Reserving WSMT table memory at [mem 0xec349000-0xec349027]
Dec 22 18:19:50 nixos kernel: ACPI: Reserving APIC table memory at [mem 0xec348000-0xec3480dd]
Dec 22 18:19:50 nixos kernel: ACPI: Reserving SSDT table memory at [mem 0xec347000-0xec34708c]
Dec 22 18:19:50 nixos kernel: ACPI: Reserving SSDT table memory at [mem 0xec346000-0xec346916]
Dec 22 18:19:50 nixos kernel: ACPI: Reserving SSDT table memory at [mem 0xec344000-0xec3450d5]
Dec 22 18:19:50 nixos kernel: ACPI: Reserving SSDT table memory at [mem 0xec343000-0xec343240]
Dec 22 18:19:50 nixos kernel: ACPI: Reserving SSDT table memory at [mem 0xec342000-0xec3425fd]
Dec 22 18:19:50 nixos kernel: ACPI: Reserving SSDT table memory at [mem 0xec341000-0xec3416a3]
Dec 22 18:19:50 nixos kernel: ACPI: Reserving FPDT table memory at [mem 0xec340000-0xec340043]
Dec 22 18:19:50 nixos kernel: No NUMA configuration found
Dec 22 18:19:50 nixos kernel: Faking a node at [mem 0x0000000000000000-0x00000003ee2fffff]
Dec 22 18:19:50 nixos kernel: NODE_DATA(0) allocated [mem 0x3ee2fa000-0x3ee2fffff]
Dec 22 18:19:50 nixos kernel: Zone ranges:
Dec 22 18:19:50 nixos kernel:   DMA      [mem 0x0000000000001000-0x0000000000ffffff]
Dec 22 18:19:50 nixos kernel:   DMA32    [mem 0x0000000001000000-0x00000000ffffffff]
Dec 22 18:19:50 nixos kernel:   Normal   [mem 0x0000000100000000-0x00000003ee2fffff]
Dec 22 18:19:50 nixos kernel:   Device   empty
Dec 22 18:19:50 nixos kernel: Movable zone start for each node
Dec 22 18:19:50 nixos kernel: Early memory node ranges
Dec 22 18:19:50 nixos kernel:   node   0: [mem 0x0000000000001000-0x000000000009ffff]
Dec 22 18:19:50 nixos kernel:   node   0: [mem 0x0000000000100000-0x0000000009dbefff]
Dec 22 18:19:50 nixos kernel:   node   0: [mem 0x000000000a001000-0x000000000a1fffff]
Dec 22 18:19:50 nixos kernel:   node   0: [mem 0x000000000a20f000-0x00000000eae11fff]
Dec 22 18:19:50 nixos kernel:   node   0: [mem 0x00000000ecdff000-0x00000000edffffff]
Dec 22 18:19:50 nixos kernel:   node   0: [mem 0x0000000100000000-0x00000003ee2fffff]
Dec 22 18:19:50 nixos kernel: Initmem setup node 0 [mem 0x0000000000001000-0x00000003ee2fffff]
Dec 22 18:19:50 nixos kernel: On node 0, zone DMA: 1 pages in unavailable ranges
Dec 22 18:19:50 nixos kernel: On node 0, zone DMA: 96 pages in unavailable ranges
Dec 22 18:19:50 nixos kernel: On node 0, zone DMA32: 578 pages in unavailable ranges
Dec 22 18:19:50 nixos kernel: On node 0, zone DMA32: 15 pages in unavailable ranges
Dec 22 18:19:50 nixos kernel: On node 0, zone DMA32: 8173 pages in unavailable ranges
Dec 22 18:19:50 nixos kernel: On node 0, zone Normal: 8192 pages in unavailable ranges
Dec 22 18:19:50 nixos kernel: On node 0, zone Normal: 7424 pages in unavailable ranges
Dec 22 18:19:50 nixos kernel: ACPI: PM-Timer IO Port: 0x808
Dec 22 18:19:50 nixos kernel: ACPI: LAPIC_NMI (acpi_id[0xff] high edge lint[0x1])
Dec 22 18:19:50 nixos kernel: IOAPIC[0]: apic_id 33, version 33, address 0xfec00000, GSI 0-23
Dec 22 18:19:50 nixos kernel: IOAPIC[1]: apic_id 34, version 33, address 0xfec01000, GSI 24-55
Dec 22 18:19:50 nixos kernel: ACPI: INT_SRC_OVR (bus 0 bus_irq 0 global_irq 2 dfl dfl)
Dec 22 18:19:50 nixos kernel: ACPI: INT_SRC_OVR (bus 0 bus_irq 9 global_irq 9 low level)
Dec 22 18:19:50 nixos kernel: ACPI: Using ACPI (MADT) for SMP configuration information
Dec 22 18:19:50 nixos kernel: ACPI: HPET id: 0x10228201 base: 0xfed00000
Dec 22 18:19:50 nixos kernel: e820: update [mem 0xe757d000-0xe7625fff] usable ==> reserved
Dec 22 18:19:50 nixos kernel: smpboot: Allowing 16 CPUs, 0 hotplug CPUs
Dec 22 18:19:50 nixos kernel: PM: hibernation: Registered nosave memory: [mem 0x00000000-0x00000fff]
Dec 22 18:19:50 nixos kernel: PM: hibernation: Registered nosave memory: [mem 0x000a0000-0x000fffff]
Dec 22 18:19:50 nixos kernel: PM: hibernation: Registered nosave memory: [mem 0x09dbf000-0x0a000fff]
Dec 22 18:19:50 nixos kernel: PM: hibernation: Registered nosave memory: [mem 0x0a200000-0x0a20efff]
Dec 22 18:19:50 nixos kernel: PM: hibernation: Registered nosave memory: [mem 0xe63c0000-0xe63c0fff]
Dec 22 18:19:50 nixos kernel: PM: hibernation: Registered nosave memory: [mem 0xe63cd000-0xe63cdfff]
Dec 22 18:19:50 nixos kernel: PM: hibernation: Registered nosave memory: [mem 0xe757d000-0xe7625fff]
Dec 22 18:19:50 nixos kernel: PM: hibernation: Registered nosave memory: [mem 0xe991d000-0xe991dfff]
Dec 22 18:19:50 nixos kernel: PM: hibernation: Registered nosave memory: [mem 0xeae12000-0xec32bfff]
Dec 22 18:19:50 nixos kernel: PM: hibernation: Registered nosave memory: [mem 0xec32c000-0xec38ffff]
Dec 22 18:19:50 nixos kernel: PM: hibernation: Registered nosave memory: [mem 0xec390000-0xec549fff]
Dec 22 18:19:50 nixos kernel: PM: hibernation: Registered nosave memory: [mem 0xec54a000-0xecdfefff]
Dec 22 18:19:50 nixos kernel: PM: hibernation: Registered nosave memory: [mem 0xee000000-0xf7ffffff]
Dec 22 18:19:50 nixos kernel: PM: hibernation: Registered nosave memory: [mem 0xf8000000-0xfcffffff]
Dec 22 18:19:50 nixos kernel: PM: hibernation: Registered nosave memory: [mem 0xfd000000-0xfdffffff]
Dec 22 18:19:50 nixos kernel: PM: hibernation: Registered nosave memory: [mem 0xfe000000-0xfeb7ffff]
Dec 22 18:19:50 nixos kernel: PM: hibernation: Registered nosave memory: [mem 0xfeb80000-0xfec01fff]
Dec 22 18:19:50 nixos kernel: PM: hibernation: Registered nosave memory: [mem 0xfec02000-0xfec0ffff]
Dec 22 18:19:50 nixos kernel: PM: hibernation: Registered nosave memory: [mem 0xfec10000-0xfec10fff]
Dec 22 18:19:50 nixos kernel: PM: hibernation: Registered nosave memory: [mem 0xfec11000-0xfecfffff]
Dec 22 18:19:50 nixos kernel: PM: hibernation: Registered nosave memory: [mem 0xfed00000-0xfed00fff]
Dec 22 18:19:50 nixos kernel: PM: hibernation: Registered nosave memory: [mem 0xfed01000-0xfed3ffff]
Dec 22 18:19:50 nixos kernel: PM: hibernation: Registered nosave memory: [mem 0xfed40000-0xfed44fff]
Dec 22 18:19:50 nixos kernel: PM: hibernation: Registered nosave memory: [mem 0xfed45000-0xfed7ffff]
Dec 22 18:19:50 nixos kernel: PM: hibernation: Registered nosave memory: [mem 0xfed80000-0xfed8ffff]
Dec 22 18:19:50 nixos kernel: PM: hibernation: Registered nosave memory: [mem 0xfed90000-0xfedc3fff]
Dec 22 18:19:50 nixos kernel: PM: hibernation: Registered nosave memory: [mem 0xfedc4000-0xfedc9fff]
Dec 22 18:19:50 nixos kernel: PM: hibernation: Registered nosave memory: [mem 0xfedca000-0xfedcbfff]
Dec 22 18:19:50 nixos kernel: PM: hibernation: Registered nosave memory: [mem 0xfedcc000-0xfedcefff]
Dec 22 18:19:50 nixos kernel: PM: hibernation: Registered nosave memory: [mem 0xfedcf000-0xfedd4fff]
Dec 22 18:19:50 nixos kernel: PM: hibernation: Registered nosave memory: [mem 0xfedd5000-0xfedd5fff]
Dec 22 18:19:50 nixos kernel: PM: hibernation: Registered nosave memory: [mem 0xfedd6000-0xfeffffff]
Dec 22 18:19:50 nixos kernel: PM: hibernation: Registered nosave memory: [mem 0xff000000-0xffffffff]
Dec 22 18:19:50 nixos kernel: [mem 0xf8000000-0xfcffffff] available for PCI devices
Dec 22 18:19:50 nixos kernel: Booting paravirtualized kernel on bare hardware
Dec 22 18:19:50 nixos kernel: clocksource: refined-jiffies: mask: 0xffffffff max_cycles: 0xffffffff, max_idle_ns: 1910969940391419 ns
Dec 22 18:19:50 nixos kernel: setup_percpu: NR_CPUS:384 nr_cpumask_bits:16 nr_cpu_ids:16 nr_node_ids:1
Dec 22 18:19:50 nixos kernel: percpu: Embedded 61 pages/cpu s212992 r8192 d28672 u262144
Dec 22 18:19:50 nixos kernel: pcpu-alloc: s212992 r8192 d28672 u262144 alloc=1*2097152
Dec 22 18:19:50 nixos kernel: pcpu-alloc: [0] 00 01 02 03 04 05 06 07 [0] 08 09 10 11 12 13 14 15 
Dec 22 18:19:50 nixos kernel: Fallback order for Node 0: 0 
Dec 22 18:19:50 nixos kernel: Built 1 zonelists, mobility grouping on.  Total pages: 3975486
Dec 22 18:19:50 nixos kernel: Policy zone: Normal
Dec 22 18:19:50 nixos kernel: Kernel command line: initrd=\efi\nixos\2450795d1gdv5bclp0ikmkhymg5sry4w-initrd-linux-6.1.68-initrd.efi init=/nix/store/3wvi4dzfg4jv8rhc7452z65l4mib11a8-nixos-system-nixos-23.11.2082.d02ffbbe834b/init loglevel=4
Dec 22 18:19:50 nixos kernel: Dentry cache hash table entries: 2097152 (order: 12, 16777216 bytes, linear)
Dec 22 18:19:50 nixos kernel: Inode-cache hash table entries: 1048576 (order: 11, 8388608 bytes, linear)
Dec 22 18:19:50 nixos kernel: mem auto-init: stack:all(zero), heap alloc:off, heap free:off
Dec 22 18:19:50 nixos kernel: software IO TLB: area num 16.
Dec 22 18:19:50 nixos kernel: Memory: 15721180K/16155012K available (12295K kernel code, 2333K rwdata, 7900K rodata, 1896K init, 4252K bss, 433572K reserved, 0K cma-reserved)
Dec 22 18:19:50 nixos kernel: SLUB: HWalign=64, Order=0-3, MinObjects=0, CPUs=16, Nodes=1
Dec 22 18:19:50 nixos kernel: ftrace: allocating 37517 entries in 147 pages
Dec 22 18:19:50 nixos kernel: ftrace: allocated 147 pages with 4 groups
Dec 22 18:19:50 nixos kernel: Dynamic Preempt: voluntary
Dec 22 18:19:50 nixos kernel: rcu: Preemptible hierarchical RCU implementation.
Dec 22 18:19:50 nixos kernel: rcu:         RCU event tracing is enabled.
Dec 22 18:19:50 nixos kernel: rcu:         RCU restricting CPUs from NR_CPUS=384 to nr_cpu_ids=16.
Dec 22 18:19:50 nixos kernel:         Trampoline variant of Tasks RCU enabled.
Dec 22 18:19:50 nixos kernel:         Rude variant of Tasks RCU enabled.
Dec 22 18:19:50 nixos kernel:         Tracing variant of Tasks RCU enabled.
Dec 22 18:19:50 nixos kernel: rcu: RCU calculated value of scheduler-enlistment delay is 100 jiffies.
Dec 22 18:19:50 nixos kernel: rcu: Adjusting geometry for rcu_fanout_leaf=16, nr_cpu_ids=16
Dec 22 18:19:50 nixos kernel: NR_IRQS: 24832, nr_irqs: 1096, preallocated irqs: 16
Dec 22 18:19:50 nixos kernel: rcu: srcu_init: Setting srcu_struct sizes based on contention.
Dec 22 18:19:50 nixos kernel: Console: colour dummy device 80x25
Dec 22 18:19:50 nixos kernel: printk: console [tty0] enabled
Dec 22 18:19:50 nixos kernel: ACPI: Core revision 20220331
Dec 22 18:19:50 nixos kernel: clocksource: hpet: mask: 0xffffffff max_cycles: 0xffffffff, max_idle_ns: 133484873504 ns
Dec 22 18:19:50 nixos kernel: APIC: Switch to symmetric I/O mode setup
Dec 22 18:19:50 nixos kernel: AMD-Vi: ivrs, add hid:AMDI0020, uid:\_SB.FUR0, rdevid:160
Dec 22 18:19:50 nixos kernel: AMD-Vi: ivrs, add hid:AMDI0020, uid:\_SB.FUR1, rdevid:160
Dec 22 18:19:50 nixos kernel: AMD-Vi: ivrs, add hid:AMDI0020, uid:\_SB.FUR2, rdevid:160
Dec 22 18:19:50 nixos kernel: AMD-Vi: ivrs, add hid:AMDI0020, uid:\_SB.FUR3, rdevid:160
Dec 22 18:19:50 nixos kernel: AMD-Vi: Using global IVHD EFR:0x206d73ef22254ade, EFR2:0x0
Dec 22 18:19:50 nixos kernel: Switched APIC routing to physical flat.
Dec 22 18:19:50 nixos kernel: ..TIMER: vector=0x30 apic1=0 pin1=2 apic2=-1 pin2=-1
Dec 22 18:19:50 nixos kernel: clocksource: tsc-early: mask: 0xffffffffffffffff max_cycles: 0x2f7a94e9cb8, max_idle_ns: 440795337031 ns
Dec 22 18:19:50 nixos kernel: Calibrating delay loop (skipped), value calculated using timer frequency.. 6587.68 BogoMIPS (lpj=3293844)
Dec 22 18:19:50 nixos kernel: x86/cpu: User Mode Instruction Prevention (UMIP) activated
Dec 22 18:19:50 nixos kernel: LVT offset 1 assigned for vector 0xf9
Dec 22 18:19:50 nixos kernel: LVT offset 2 assigned for vector 0xf4
Dec 22 18:19:50 nixos kernel: process: using mwait in idle threads
Dec 22 18:19:50 nixos kernel: Last level iTLB entries: 4KB 512, 2MB 512, 4MB 256
Dec 22 18:19:50 nixos kernel: Last level dTLB entries: 4KB 2048, 2MB 2048, 4MB 1024, 1GB 0
Dec 22 18:19:50 nixos kernel: Spectre V1 : Mitigation: usercopy/swapgs barriers and __user pointer sanitization
Dec 22 18:19:50 nixos kernel: Spectre V2 : Mitigation: Retpolines
Dec 22 18:19:50 nixos kernel: Spectre V2 : Spectre v2 / SpectreRSB mitigation: Filling RSB on context switch
Dec 22 18:19:50 nixos kernel: Spectre V2 : Spectre v2 / SpectreRSB : Filling RSB on VMEXIT
Dec 22 18:19:50 nixos kernel: Spectre V2 : Enabling Restricted Speculation for firmware calls
Dec 22 18:19:50 nixos kernel: Spectre V2 : mitigation: Enabling conditional Indirect Branch Prediction Barrier
Dec 22 18:19:50 nixos kernel: Spectre V2 : User space: Mitigation: STIBP always-on protection
Dec 22 18:19:50 nixos kernel: Speculative Store Bypass: Mitigation: Speculative Store Bypass disabled via prctl
Dec 22 18:19:50 nixos kernel: Speculative Return Stack Overflow: IBPB-extending microcode not applied!
Dec 22 18:19:50 nixos kernel: Speculative Return Stack Overflow: WARNING: See https://kernel.org/doc/html/latest/admin-guide/hw-vuln/srso.html for mitigation options.
Dec 22 18:19:50 nixos kernel: Speculative Return Stack Overflow: Mitigation: safe RET, no microcode
Dec 22 18:19:50 nixos kernel: x86/fpu: Supporting XSAVE feature 0x001: 'x87 floating point registers'
Dec 22 18:19:50 nixos kernel: x86/fpu: Supporting XSAVE feature 0x002: 'SSE registers'
Dec 22 18:19:50 nixos kernel: x86/fpu: Supporting XSAVE feature 0x004: 'AVX registers'
Dec 22 18:19:50 nixos kernel: x86/fpu: Supporting XSAVE feature 0x200: 'Protection Keys User registers'
Dec 22 18:19:50 nixos kernel: x86/fpu: xstate_offset[2]:  576, xstate_sizes[2]:  256
Dec 22 18:19:50 nixos kernel: x86/fpu: xstate_offset[9]:  832, xstate_sizes[9]:    8
Dec 22 18:19:50 nixos kernel: x86/fpu: Enabled xstate features 0x207, context size is 840 bytes, using 'compacted' format.
Dec 22 18:19:50 nixos kernel: Freeing SMP alternatives memory: 32K
Dec 22 18:19:50 nixos kernel: pid_max: default: 32768 minimum: 301
Dec 22 18:19:50 nixos kernel: LSM: Security Framework initializing
Dec 22 18:19:50 nixos kernel: landlock: Up and running.
Dec 22 18:19:50 nixos kernel: Yama: becoming mindful.
Dec 22 18:19:50 nixos kernel: SELinux:  Initializing.
Dec 22 18:19:50 nixos kernel: LSM support for eBPF active
Dec 22 18:19:50 nixos kernel: Mount-cache hash table entries: 32768 (order: 6, 262144 bytes, linear)
Dec 22 18:19:50 nixos kernel: Mountpoint-cache hash table entries: 32768 (order: 6, 262144 bytes, linear)
Dec 22 18:19:50 nixos kernel: smpboot: CPU0: AMD Ryzen 9 5900HS with Radeon Graphics (family: 0x19, model: 0x50, stepping: 0x0)
Dec 22 18:19:50 nixos kernel: cblist_init_generic: Setting adjustable number of callback queues.
Dec 22 18:19:50 nixos kernel: cblist_init_generic: Setting shift to 4 and lim to 1.
Dec 22 18:19:50 nixos kernel: cblist_init_generic: Setting adjustable number of callback queues.
Dec 22 18:19:50 nixos kernel: cblist_init_generic: Setting shift to 4 and lim to 1.
Dec 22 18:19:50 nixos kernel: cblist_init_generic: Setting adjustable number of callback queues.
Dec 22 18:19:50 nixos kernel: cblist_init_generic: Setting shift to 4 and lim to 1.
Dec 22 18:19:50 nixos kernel: Performance Events: Fam17h+ core perfctr, AMD PMU driver.
Dec 22 18:19:50 nixos kernel: ... version:                0
Dec 22 18:19:50 nixos kernel: ... bit width:              48
Dec 22 18:19:50 nixos kernel: ... generic registers:      6
Dec 22 18:19:50 nixos kernel: ... value mask:             0000ffffffffffff
Dec 22 18:19:50 nixos kernel: ... max period:             00007fffffffffff
Dec 22 18:19:50 nixos kernel: ... fixed-purpose events:   0
Dec 22 18:19:50 nixos kernel: ... event mask:             000000000000003f
Dec 22 18:19:50 nixos kernel: signal: max sigframe size: 3376
Dec 22 18:19:50 nixos kernel: rcu: Hierarchical SRCU implementation.
Dec 22 18:19:50 nixos kernel: rcu:         Max phase no-delay instances is 400.
Dec 22 18:19:50 nixos kernel: smp: Bringing up secondary CPUs ...
Dec 22 18:19:50 nixos kernel: x86: Booting SMP configuration:
Dec 22 18:19:50 nixos kernel: .... node  #0, CPUs:        #1
Dec 22 18:19:50 nixos kernel: Spectre V2 : Update user space SMT mitigation: STIBP always-on
Dec 22 18:19:50 nixos kernel:   #2  #3  #4  #5  #6  #7  #8  #9 #10 #11 #12 #13 #14 #15
Dec 22 18:19:50 nixos kernel: smp: Brought up 1 node, 16 CPUs
Dec 22 18:19:50 nixos kernel: smpboot: Max logical packages: 1
Dec 22 18:19:50 nixos kernel: smpboot: Total of 16 processors activated (105403.00 BogoMIPS)
Dec 22 18:19:50 nixos kernel: devtmpfs: initialized
Dec 22 18:19:50 nixos kernel: x86/mm: Memory block size: 128MB
Dec 22 18:19:50 nixos kernel: ACPI: PM: Registering ACPI NVS region [mem 0x0a200000-0x0a20efff] (61440 bytes)
Dec 22 18:19:50 nixos kernel: ACPI: PM: Registering ACPI NVS region [mem 0xec390000-0xec549fff] (1810432 bytes)
Dec 22 18:19:50 nixos kernel: clocksource: jiffies: mask: 0xffffffff max_cycles: 0xffffffff, max_idle_ns: 1911260446275000 ns
Dec 22 18:19:50 nixos kernel: futex hash table entries: 4096 (order: 6, 262144 bytes, linear)
Dec 22 18:19:50 nixos kernel: pinctrl core: initialized pinctrl subsystem
Dec 22 18:19:50 nixos kernel: NET: Registered PF_NETLINK/PF_ROUTE protocol family
Dec 22 18:19:50 nixos kernel: DMA: preallocated 2048 KiB GFP_KERNEL pool for atomic allocations
Dec 22 18:19:50 nixos kernel: DMA: preallocated 2048 KiB GFP_KERNEL|GFP_DMA pool for atomic allocations
Dec 22 18:19:50 nixos kernel: DMA: preallocated 2048 KiB GFP_KERNEL|GFP_DMA32 pool for atomic allocations
Dec 22 18:19:50 nixos kernel: audit: initializing netlink subsys (disabled)
Dec 22 18:19:50 nixos kernel: audit: type=2000 audit(1703294389.140:1): state=initialized audit_enabled=0 res=1
Dec 22 18:19:50 nixos kernel: thermal_sys: Registered thermal governor 'bang_bang'
Dec 22 18:19:50 nixos kernel: thermal_sys: Registered thermal governor 'step_wise'
Dec 22 18:19:50 nixos kernel: thermal_sys: Registered thermal governor 'user_space'
Dec 22 18:19:50 nixos kernel: cpuidle: using governor menu
Dec 22 18:19:50 nixos kernel: acpiphp: ACPI Hot Plug PCI Controller Driver version: 0.5
Dec 22 18:19:50 nixos kernel: PCI: MMCONFIG for domain 0000 [bus 00-7f] at [mem 0xf0000000-0xf7ffffff] (base 0xf0000000)
Dec 22 18:19:50 nixos kernel: PCI: MMCONFIG at [mem 0xf0000000-0xf7ffffff] reserved in E820
Dec 22 18:19:50 nixos kernel: PCI: Using configuration type 1 for base access
Dec 22 18:19:50 nixos kernel: kprobes: kprobe jump-optimization is enabled. All kprobes are optimized if possible.
Dec 22 18:19:50 nixos kernel: HugeTLB: registered 1.00 GiB page size, pre-allocated 0 pages
Dec 22 18:19:50 nixos kernel: HugeTLB: 16380 KiB vmemmap can be freed for a 1.00 GiB page
Dec 22 18:19:50 nixos kernel: HugeTLB: registered 2.00 MiB page size, pre-allocated 0 pages
Dec 22 18:19:50 nixos kernel: HugeTLB: 28 KiB vmemmap can be freed for a 2.00 MiB page
Dec 22 18:19:50 nixos kernel: ACPI: Added _OSI(Module Device)
Dec 22 18:19:50 nixos kernel: ACPI: Added _OSI(Processor Device)
Dec 22 18:19:50 nixos kernel: ACPI: Added _OSI(3.0 _SCP Extensions)
Dec 22 18:19:50 nixos kernel: ACPI: Added _OSI(Processor Aggregator Device)
Dec 22 18:19:50 nixos kernel: ACPI BIOS Error (bug): Failure creating named object [\_SB.PCI0.GP17.XHC0._S0W], AE_ALREADY_EXISTS (20220331/dswload2-326)
Dec 22 18:19:50 nixos kernel: fbcon: Taking over console
Dec 22 18:19:50 nixos kernel: ACPI Error: AE_ALREADY_EXISTS, During name lookup/catalog (20220331/psobject-220)
Dec 22 18:19:50 nixos kernel: ACPI: Skipping parse of AML opcode: OpcodeName unavailable (0x0014)
Dec 22 18:19:50 nixos kernel: ACPI BIOS Error (bug): Failure creating named object [\_SB.PCI0.GP17.XHC1._S0W], AE_ALREADY_EXISTS (20220331/dswload2-326)
Dec 22 18:19:50 nixos kernel: ACPI Error: AE_ALREADY_EXISTS, During name lookup/catalog (20220331/psobject-220)
Dec 22 18:19:50 nixos kernel: ACPI: Skipping parse of AML opcode: OpcodeName unavailable (0x0014)
Dec 22 18:19:50 nixos kernel: ACPI: 16 ACPI AML tables successfully acquired and loaded
Dec 22 18:19:50 nixos kernel: ACPI: EC: EC started
Dec 22 18:19:50 nixos kernel: ACPI: EC: interrupt blocked
Dec 22 18:19:50 nixos kernel: ACPI: EC: EC_CMD/EC_SC=0x66, EC_DATA=0x62
Dec 22 18:19:50 nixos kernel: ACPI: EC: Boot ECDT EC used to handle transactions
Dec 22 18:19:50 nixos kernel: ACPI: [Firmware Bug]: BIOS _OSI(Linux) query ignored
Dec 22 18:19:50 nixos kernel: ACPI: Interpreter enabled
Dec 22 18:19:50 nixos kernel: ACPI: PM: (supports S0 S4 S5)
Dec 22 18:19:50 nixos kernel: ACPI: Using IOAPIC for interrupt routing
Dec 22 18:19:50 nixos kernel: PCI: Using host bridge windows from ACPI; if necessary, use "pci=nocrs" and report a bug
Dec 22 18:19:50 nixos kernel: PCI: Ignoring E820 reservations for host bridge windows
Dec 22 18:19:50 nixos kernel: ACPI: PM: Power Resource [PG00]
Dec 22 18:19:50 nixos kernel: ACPI: PM: Power Resource [RPR2]
Dec 22 18:19:50 nixos kernel: ACPI: PM: Power Resource [P0U0]
Dec 22 18:19:50 nixos kernel: ACPI: PM: Power Resource [P3U0]
Dec 22 18:19:50 nixos kernel: ACPI: PM: Power Resource [P0U1]
Dec 22 18:19:50 nixos kernel: ACPI: PM: Power Resource [P3U1]
Dec 22 18:19:50 nixos kernel: ACPI: PM: Power Resource [P0NV]
Dec 22 18:19:50 nixos kernel: ACPI: PM: Power Resource [P1NV]
Dec 22 18:19:50 nixos kernel: ACPI: PM: Power Resource [PRWL]
Dec 22 18:19:50 nixos kernel: ACPI: PCI Root Bridge [PCI0] (domain 0000 [bus 00-ff])
Dec 22 18:19:50 nixos kernel: acpi PNP0A08:00: _OSC: OS supports [ExtendedConfig ASPM ClockPM Segments MSI HPX-Type3]
Dec 22 18:19:50 nixos kernel: acpi PNP0A08:00: _OSC: platform does not support [LTR]
Dec 22 18:19:50 nixos kernel: acpi PNP0A08:00: _OSC: OS now controls [PCIeHotplug PME PCIeCapability]
Dec 22 18:19:50 nixos kernel: acpi PNP0A08:00: [Firmware Info]: MMCONFIG for domain 0000 [bus 00-7f] only partially covers this bridge
Dec 22 18:19:50 nixos kernel: PCI host bridge to bus 0000:00
Dec 22 18:19:50 nixos kernel: pci_bus 0000:00: root bus resource [io  0x0000-0x03af window]
Dec 22 18:19:50 nixos kernel: pci_bus 0000:00: root bus resource [io  0x03e0-0x0cf7 window]
Dec 22 18:19:50 nixos kernel: pci_bus 0000:00: root bus resource [io  0x0d00-0xefff window]
Dec 22 18:19:50 nixos kernel: pci_bus 0000:00: root bus resource [mem 0x000c0000-0x000dffff window]
Dec 22 18:19:50 nixos kernel: pci_bus 0000:00: root bus resource [mem 0xf0000000-0xfcffffff window]
Dec 22 18:19:50 nixos kernel: pci_bus 0000:00: root bus resource [mem 0x410000000-0xffffffffff window]
Dec 22 18:19:50 nixos kernel: pci_bus 0000:00: root bus resource [bus 00-ff]
Dec 22 18:19:50 nixos kernel: pci 0000:00:00.0: [1022:1630] type 00 class 0x060000
Dec 22 18:19:50 nixos kernel: pci 0000:00:00.2: [1022:1631] type 00 class 0x080600
Dec 22 18:19:50 nixos kernel: pci 0000:00:01.0: [1022:1632] type 00 class 0x060000
Dec 22 18:19:50 nixos kernel: pci 0000:00:01.1: [1022:1633] type 01 class 0x060400
Dec 22 18:19:50 nixos kernel: pci 0000:00:01.1: PME# supported from D0 D3hot D3cold
Dec 22 18:19:50 nixos kernel: pci 0000:00:01.3: [1022:1634] type 01 class 0x060400
Dec 22 18:19:50 nixos kernel: pci 0000:00:01.3: PME# supported from D0 D3hot D3cold
Dec 22 18:19:50 nixos kernel: pci 0000:00:02.0: [1022:1632] type 00 class 0x060000
Dec 22 18:19:50 nixos kernel: pci 0000:00:02.1: [1022:1634] type 01 class 0x060400
Dec 22 18:19:50 nixos kernel: pci 0000:00:02.1: enabling Extended Tags
Dec 22 18:19:50 nixos kernel: pci 0000:00:02.1: PME# supported from D0 D3hot D3cold
Dec 22 18:19:50 nixos kernel: pci 0000:00:02.2: [1022:1634] type 01 class 0x060400
Dec 22 18:19:50 nixos kernel: pci 0000:00:02.2: PME# supported from D0 D3hot D3cold
Dec 22 18:19:50 nixos kernel: pci 0000:00:02.4: [1022:1634] type 01 class 0x060400
Dec 22 18:19:50 nixos kernel: pci 0000:00:02.4: enabling Extended Tags
Dec 22 18:19:50 nixos kernel: pci 0000:00:02.4: PME# supported from D0 D3hot D3cold
Dec 22 18:19:50 nixos kernel: pci 0000:00:08.0: [1022:1632] type 00 class 0x060000
Dec 22 18:19:50 nixos kernel: pci 0000:00:08.1: [1022:1635] type 01 class 0x060400
Dec 22 18:19:50 nixos kernel: pci 0000:00:08.1: enabling Extended Tags
Dec 22 18:19:50 nixos kernel: pci 0000:00:08.1: PME# supported from D0 D3hot D3cold
Dec 22 18:19:50 nixos kernel: pci 0000:00:14.0: [1022:790b] type 00 class 0x0c0500
Dec 22 18:19:50 nixos kernel: pci 0000:00:14.3: [1022:790e] type 00 class 0x060100
Dec 22 18:19:50 nixos kernel: pci 0000:00:18.0: [1022:166a] type 00 class 0x060000
Dec 22 18:19:50 nixos kernel: pci 0000:00:18.1: [1022:166b] type 00 class 0x060000
Dec 22 18:19:50 nixos kernel: pci 0000:00:18.2: [1022:166c] type 00 class 0x060000
Dec 22 18:19:50 nixos kernel: pci 0000:00:18.3: [1022:166d] type 00 class 0x060000
Dec 22 18:19:50 nixos kernel: pci 0000:00:18.4: [1022:166e] type 00 class 0x060000
Dec 22 18:19:50 nixos kernel: pci 0000:00:18.5: [1022:166f] type 00 class 0x060000
Dec 22 18:19:50 nixos kernel: pci 0000:00:18.6: [1022:1670] type 00 class 0x060000
Dec 22 18:19:50 nixos kernel: pci 0000:00:18.7: [1022:1671] type 00 class 0x060000
Dec 22 18:19:50 nixos kernel: pci 0000:01:00.0: [10de:249d] type 00 class 0x030000
Dec 22 18:19:50 nixos kernel: pci 0000:01:00.0: reg 0x10: [mem 0xfb000000-0xfbffffff]
Dec 22 18:19:50 nixos kernel: pci 0000:01:00.0: reg 0x14: [mem 0xfc00000000-0xfdffffffff 64bit pref]
Dec 22 18:19:50 nixos kernel: pci 0000:01:00.0: reg 0x1c: [mem 0xfe00000000-0xfe01ffffff 64bit pref]
Dec 22 18:19:50 nixos kernel: pci 0000:01:00.0: reg 0x24: [io  0xe000-0xe07f]
Dec 22 18:19:50 nixos kernel: pci 0000:01:00.0: reg 0x30: [mem 0xfc000000-0xfc07ffff pref]
Dec 22 18:19:50 nixos kernel: pci 0000:01:00.0: PME# supported from D0 D3hot
Dec 22 18:19:50 nixos kernel: pci 0000:01:00.0: 63.008 Gb/s available PCIe bandwidth, limited by 8.0 GT/s PCIe x8 link at 0000:00:01.1 (capable of 252.048 Gb/s with 16.0 GT/s PCIe x16 link)
Dec 22 18:19:50 nixos kernel: pci 0000:01:00.1: [10de:228b] type 00 class 0x040300
Dec 22 18:19:50 nixos kernel: pci 0000:01:00.1: reg 0x10: [mem 0xfc080000-0xfc083fff]
Dec 22 18:19:50 nixos kernel: pci 0000:00:01.1: PCI bridge to [bus 01]
Dec 22 18:19:50 nixos kernel: pci 0000:00:01.1:   bridge window [io  0xe000-0xefff]
Dec 22 18:19:50 nixos kernel: pci 0000:00:01.1:   bridge window [mem 0xfb000000-0xfc0fffff]
Dec 22 18:19:50 nixos kernel: pci 0000:00:01.1:   bridge window [mem 0xfc00000000-0xfe01ffffff 64bit pref]
Dec 22 18:19:50 nixos kernel: pci 0000:02:00.0: [17a0:9755] type 00 class 0x080501
Dec 22 18:19:50 nixos kernel: pci 0000:02:00.0: reg 0x10: [mem 0xfc800000-0xfc800fff]
Dec 22 18:19:50 nixos kernel: pci 0000:02:00.0: supports D1 D2
Dec 22 18:19:50 nixos kernel: pci 0000:02:00.0: PME# supported from D1 D2 D3hot D3cold
Dec 22 18:19:50 nixos kernel: pci 0000:00:01.3: PCI bridge to [bus 02]
Dec 22 18:19:50 nixos kernel: pci 0000:00:01.3:   bridge window [mem 0xfc800000-0xfc8fffff]
Dec 22 18:19:50 nixos kernel: pci 0000:03:00.0: [10ec:8162] type 00 class 0x020000
Dec 22 18:19:50 nixos kernel: pci 0000:03:00.0: reg 0x10: [io  0xd000-0xd0ff]
Dec 22 18:19:50 nixos kernel: pci 0000:03:00.0: reg 0x18: [mem 0xfc700000-0xfc70ffff 64bit]
Dec 22 18:19:50 nixos kernel: pci 0000:03:00.0: reg 0x20: [mem 0xfc710000-0xfc713fff 64bit]
Dec 22 18:19:50 nixos kernel: pci 0000:03:00.0: supports D1 D2
Dec 22 18:19:50 nixos kernel: pci 0000:03:00.0: PME# supported from D0 D1 D2 D3hot D3cold
Dec 22 18:19:50 nixos kernel: pci 0000:00:02.1: PCI bridge to [bus 03]
Dec 22 18:19:50 nixos kernel: pci 0000:00:02.1:   bridge window [io  0xd000-0xdfff]
Dec 22 18:19:50 nixos kernel: pci 0000:00:02.1:   bridge window [mem 0xfc700000-0xfc7fffff]
Dec 22 18:19:50 nixos kernel: pci 0000:04:00.0: [14c3:7961] type 00 class 0x028000
Dec 22 18:19:50 nixos kernel: pci 0000:04:00.0: reg 0x10: [mem 0xfe20300000-0xfe203fffff 64bit pref]
Dec 22 18:19:50 nixos kernel: pci 0000:04:00.0: reg 0x18: [mem 0xfe20400000-0xfe20403fff 64bit pref]
Dec 22 18:19:50 nixos kernel: pci 0000:04:00.0: reg 0x20: [mem 0xfe20404000-0xfe20404fff 64bit pref]
Dec 22 18:19:50 nixos kernel: pci 0000:04:00.0: supports D1 D2
Dec 22 18:19:50 nixos kernel: pci 0000:04:00.0: PME# supported from D0 D1 D2 D3hot D3cold
Dec 22 18:19:50 nixos kernel: pci 0000:00:02.2: PCI bridge to [bus 04]
Dec 22 18:19:50 nixos kernel: pci 0000:00:02.2:   bridge window [mem 0xfe20300000-0xfe204fffff 64bit pref]
Dec 22 18:19:50 nixos kernel: pci 0000:05:00.0: [1c5c:174a] type 00 class 0x010802
Dec 22 18:19:50 nixos kernel: pci 0000:05:00.0: reg 0x10: [mem 0xfc600000-0xfc603fff 64bit]
Dec 22 18:19:50 nixos kernel: pci 0000:05:00.0: reg 0x18: [mem 0xfc605000-0xfc605fff]
Dec 22 18:19:50 nixos kernel: pci 0000:05:00.0: reg 0x1c: [mem 0xfc604000-0xfc604fff]
Dec 22 18:19:50 nixos kernel: pci 0000:00:02.4: PCI bridge to [bus 05]
Dec 22 18:19:50 nixos kernel: pci 0000:00:02.4:   bridge window [mem 0xfc600000-0xfc6fffff]
Dec 22 18:19:50 nixos kernel: pci 0000:06:00.0: [1002:1638] type 00 class 0x030000
Dec 22 18:19:50 nixos kernel: pci 0000:06:00.0: reg 0x10: [mem 0xfe10000000-0xfe1fffffff 64bit pref]
Dec 22 18:19:50 nixos kernel: pci 0000:06:00.0: reg 0x18: [mem 0xfe20000000-0xfe201fffff 64bit pref]
Dec 22 18:19:50 nixos kernel: pci 0000:06:00.0: reg 0x20: [io  0xc000-0xc0ff]
Dec 22 18:19:50 nixos kernel: pci 0000:06:00.0: reg 0x24: [mem 0xfc500000-0xfc57ffff]
Dec 22 18:19:50 nixos kernel: pci 0000:06:00.0: enabling Extended Tags
Dec 22 18:19:50 nixos kernel: pci 0000:06:00.0: BAR 0: assigned to efifb
Dec 22 18:19:50 nixos kernel: pci 0000:06:00.0: PME# supported from D1 D2 D3hot D3cold
Dec 22 18:19:50 nixos kernel: pci 0000:06:00.0: 126.016 Gb/s available PCIe bandwidth, limited by 8.0 GT/s PCIe x16 link at 0000:00:08.1 (capable of 252.048 Gb/s with 16.0 GT/s PCIe x16 link)
Dec 22 18:19:50 nixos kernel: pci 0000:06:00.1: [1002:1637] type 00 class 0x040300
Dec 22 18:19:50 nixos kernel: pci 0000:06:00.1: reg 0x10: [mem 0xfc5c8000-0xfc5cbfff]
Dec 22 18:19:50 nixos kernel: pci 0000:06:00.1: enabling Extended Tags
Dec 22 18:19:50 nixos kernel: pci 0000:06:00.1: PME# supported from D1 D2 D3hot D3cold
Dec 22 18:19:50 nixos kernel: pci 0000:06:00.2: [1022:15df] type 00 class 0x108000
Dec 22 18:19:50 nixos kernel: pci 0000:06:00.2: reg 0x18: [mem 0xfc400000-0xfc4fffff]
Dec 22 18:19:50 nixos kernel: pci 0000:06:00.2: reg 0x24: [mem 0xfc5cc000-0xfc5cdfff]
Dec 22 18:19:50 nixos kernel: pci 0000:06:00.2: enabling Extended Tags
Dec 22 18:19:50 nixos kernel: pci 0000:06:00.3: [1022:1639] type 00 class 0x0c0330
Dec 22 18:19:50 nixos kernel: pci 0000:06:00.3: reg 0x10: [mem 0xfc300000-0xfc3fffff 64bit]
Dec 22 18:19:50 nixos kernel: pci 0000:06:00.3: enabling Extended Tags
Dec 22 18:19:50 nixos kernel: pci 0000:06:00.3: PME# supported from D0 D3hot D3cold
Dec 22 18:19:50 nixos kernel: pci 0000:06:00.4: [1022:1639] type 00 class 0x0c0330
Dec 22 18:19:50 nixos kernel: pci 0000:06:00.4: reg 0x10: [mem 0xfc200000-0xfc2fffff 64bit]
Dec 22 18:19:50 nixos kernel: pci 0000:06:00.4: enabling Extended Tags
Dec 22 18:19:50 nixos kernel: pci 0000:06:00.4: PME# supported from D0 D3hot D3cold
Dec 22 18:19:50 nixos kernel: pci 0000:06:00.5: [1022:15e2] type 00 class 0x048000
Dec 22 18:19:50 nixos kernel: pci 0000:06:00.5: reg 0x10: [mem 0xfc580000-0xfc5bffff]
Dec 22 18:19:50 nixos kernel: pci 0000:06:00.5: enabling Extended Tags
Dec 22 18:19:50 nixos kernel: pci 0000:06:00.5: PME# supported from D0 D3hot D3cold
Dec 22 18:19:50 nixos kernel: pci 0000:06:00.6: [1022:15e3] type 00 class 0x040300
Dec 22 18:19:50 nixos kernel: pci 0000:06:00.6: reg 0x10: [mem 0xfc5c0000-0xfc5c7fff]
Dec 22 18:19:50 nixos kernel: pci 0000:06:00.6: enabling Extended Tags
Dec 22 18:19:50 nixos kernel: pci 0000:06:00.6: PME# supported from D0 D3hot D3cold
Dec 22 18:19:50 nixos kernel: pci 0000:00:08.1: PCI bridge to [bus 06]
Dec 22 18:19:50 nixos kernel: pci 0000:00:08.1:   bridge window [io  0xc000-0xcfff]
Dec 22 18:19:50 nixos kernel: pci 0000:00:08.1:   bridge window [mem 0xfc200000-0xfc5fffff]
Dec 22 18:19:50 nixos kernel: pci 0000:00:08.1:   bridge window [mem 0xfe10000000-0xfe201fffff 64bit pref]
Dec 22 18:19:50 nixos kernel: ACPI: PCI: Interrupt link LNKA configured for IRQ 0
Dec 22 18:19:50 nixos kernel: ACPI: PCI: Interrupt link LNKB configured for IRQ 0
Dec 22 18:19:50 nixos kernel: ACPI: PCI: Interrupt link LNKC configured for IRQ 0
Dec 22 18:19:50 nixos kernel: ACPI: PCI: Interrupt link LNKD configured for IRQ 0
Dec 22 18:19:50 nixos kernel: ACPI: PCI: Interrupt link LNKE configured for IRQ 0
Dec 22 18:19:50 nixos kernel: ACPI: PCI: Interrupt link LNKF configured for IRQ 0
Dec 22 18:19:50 nixos kernel: ACPI: PCI: Interrupt link LNKG configured for IRQ 0
Dec 22 18:19:50 nixos kernel: ACPI: PCI: Interrupt link LNKH configured for IRQ 0
Dec 22 18:19:50 nixos kernel: Low-power S0 idle used by default for system suspend
Dec 22 18:19:50 nixos kernel: ACPI: EC: interrupt unblocked
Dec 22 18:19:50 nixos kernel: ACPI: EC: event unblocked
Dec 22 18:19:50 nixos kernel: ACPI: EC: EC_CMD/EC_SC=0x66, EC_DATA=0x62
Dec 22 18:19:50 nixos kernel: ACPI: EC: GPE=0x3
Dec 22 18:19:50 nixos kernel: ACPI: \_SB_.PCI0.SBRG.EC0_: Boot ECDT EC initialization complete
Dec 22 18:19:50 nixos kernel: ACPI: \_SB_.PCI0.SBRG.EC0_: EC: Used to handle transactions and events
Dec 22 18:19:50 nixos kernel: iommu: Default domain type: Translated 
Dec 22 18:19:50 nixos kernel: iommu: DMA domain TLB invalidation policy: lazy mode 
Dec 22 18:19:50 nixos kernel: Registered efivars operations
Dec 22 18:19:50 nixos kernel: NetLabel: Initializing
Dec 22 18:19:50 nixos kernel: NetLabel:  domain hash size = 128
Dec 22 18:19:50 nixos kernel: NetLabel:  protocols = UNLABELED CIPSOv4 CALIPSO
Dec 22 18:19:50 nixos kernel: NetLabel:  unlabeled traffic allowed by default
Dec 22 18:19:50 nixos kernel: PCI: Using ACPI for IRQ routing
Dec 22 18:19:50 nixos kernel: PCI: pci_cache_line_size set to 64 bytes
Dec 22 18:19:50 nixos kernel: Expanded resource Reserved due to conflict with PCI Bus 0000:00
Dec 22 18:19:50 nixos kernel: e820: reserve RAM buffer [mem 0x09dbf000-0x0bffffff]
Dec 22 18:19:50 nixos kernel: e820: reserve RAM buffer [mem 0x0a200000-0x0bffffff]
Dec 22 18:19:50 nixos kernel: e820: reserve RAM buffer [mem 0xe63c0018-0xe7ffffff]
Dec 22 18:19:50 nixos kernel: e820: reserve RAM buffer [mem 0xe757d000-0xe7ffffff]
Dec 22 18:19:50 nixos kernel: e820: reserve RAM buffer [mem 0xe991d000-0xebffffff]
Dec 22 18:19:50 nixos kernel: e820: reserve RAM buffer [mem 0xeae12000-0xebffffff]
Dec 22 18:19:50 nixos kernel: e820: reserve RAM buffer [mem 0xee000000-0xefffffff]
Dec 22 18:19:50 nixos kernel: e820: reserve RAM buffer [mem 0x3ee300000-0x3efffffff]
Dec 22 18:19:50 nixos kernel: pci 0000:01:00.0: vgaarb: setting as boot VGA device
Dec 22 18:19:50 nixos kernel: pci 0000:01:00.0: vgaarb: bridge control possible
Dec 22 18:19:50 nixos kernel: pci 0000:01:00.0: vgaarb: VGA device added: decodes=io+mem,owns=none,locks=none
Dec 22 18:19:50 nixos kernel: pci 0000:06:00.0: vgaarb: setting as boot VGA device (overriding previous)
Dec 22 18:19:50 nixos kernel: pci 0000:06:00.0: vgaarb: bridge control possible
Dec 22 18:19:50 nixos kernel: pci 0000:06:00.0: vgaarb: VGA device added: decodes=io+mem,owns=none,locks=none
Dec 22 18:19:50 nixos kernel: vgaarb: loaded
Dec 22 18:19:50 nixos kernel: hpet0: at MMIO 0xfed00000, IRQs 2, 8, 0
Dec 22 18:19:50 nixos kernel: hpet0: 3 comparators, 32-bit 14.318180 MHz counter
Dec 22 18:19:50 nixos kernel: clocksource: Switched to clocksource tsc-early
Dec 22 18:19:50 nixos kernel: VFS: Disk quotas dquot_6.6.0
Dec 22 18:19:50 nixos kernel: VFS: Dquot-cache hash table entries: 512 (order 0, 4096 bytes)
Dec 22 18:19:50 nixos kernel: pnp: PnP ACPI init
Dec 22 18:19:50 nixos kernel: system 00:00: [mem 0xf0000000-0xf7ffffff] has been reserved
Dec 22 18:19:50 nixos kernel: system 00:02: [io  0x04d0-0x04d1] has been reserved
Dec 22 18:19:50 nixos kernel: system 00:02: [io  0x040b] has been reserved
Dec 22 18:19:50 nixos kernel: system 00:02: [io  0x04d6] has been reserved
Dec 22 18:19:50 nixos kernel: system 00:02: [io  0x0c00-0x0c01] has been reserved
Dec 22 18:19:50 nixos kernel: system 00:02: [io  0x0c14] has been reserved
Dec 22 18:19:50 nixos kernel: system 00:02: [io  0x0c50-0x0c51] has been reserved
Dec 22 18:19:50 nixos kernel: system 00:02: [io  0x0c52] has been reserved
Dec 22 18:19:50 nixos kernel: system 00:02: [io  0x0c6c] has been reserved
Dec 22 18:19:50 nixos kernel: system 00:02: [io  0x0c6f] has been reserved
Dec 22 18:19:50 nixos kernel: system 00:02: [io  0x0cd8-0x0cdf] has been reserved
Dec 22 18:19:50 nixos kernel: system 00:02: [io  0x0800-0x089f] has been reserved
Dec 22 18:19:50 nixos kernel: system 00:02: [io  0x0b00-0x0b0f] has been reserved
Dec 22 18:19:50 nixos kernel: system 00:02: [io  0x0b20-0x0b3f] has been reserved
Dec 22 18:19:50 nixos kernel: system 00:02: [io  0x0900-0x090f] has been reserved
Dec 22 18:19:50 nixos kernel: system 00:02: [io  0x0910-0x091f] has been reserved
Dec 22 18:19:50 nixos kernel: system 00:02: [mem 0xfec00000-0xfec00fff] could not be reserved
Dec 22 18:19:50 nixos kernel: system 00:02: [mem 0xfec01000-0xfec01fff] could not be reserved
Dec 22 18:19:50 nixos kernel: system 00:02: [mem 0xfedc0000-0xfedc0fff] has been reserved
Dec 22 18:19:50 nixos kernel: system 00:02: [mem 0xfee00000-0xfee00fff] has been reserved
Dec 22 18:19:50 nixos kernel: system 00:02: [mem 0xfed80000-0xfed8ffff] could not be reserved
Dec 22 18:19:50 nixos kernel: system 00:02: [mem 0xfec10000-0xfec10fff] has been reserved
Dec 22 18:19:50 nixos kernel: system 00:02: [mem 0xff000000-0xffffffff] has been reserved
Dec 22 18:19:50 nixos kernel: pnp: PnP ACPI: found 3 devices
Dec 22 18:19:50 nixos kernel: clocksource: acpi_pm: mask: 0xffffff max_cycles: 0xffffff, max_idle_ns: 2085701024 ns
Dec 22 18:19:50 nixos kernel: NET: Registered PF_INET protocol family
Dec 22 18:19:50 nixos kernel: IP idents hash table entries: 262144 (order: 9, 2097152 bytes, linear)
Dec 22 18:19:50 nixos kernel: tcp_listen_portaddr_hash hash table entries: 8192 (order: 5, 131072 bytes, linear)
Dec 22 18:19:50 nixos kernel: Table-perturb hash table entries: 65536 (order: 6, 262144 bytes, linear)
Dec 22 18:19:50 nixos kernel: TCP established hash table entries: 131072 (order: 8, 1048576 bytes, linear)
Dec 22 18:19:50 nixos kernel: TCP bind hash table entries: 65536 (order: 9, 2097152 bytes, linear)
Dec 22 18:19:50 nixos kernel: TCP: Hash tables configured (established 131072 bind 65536)
Dec 22 18:19:50 nixos kernel: MPTCP token hash table entries: 16384 (order: 6, 393216 bytes, linear)
Dec 22 18:19:50 nixos kernel: UDP hash table entries: 8192 (order: 6, 262144 bytes, linear)
Dec 22 18:19:50 nixos kernel: UDP-Lite hash table entries: 8192 (order: 6, 262144 bytes, linear)
Dec 22 18:19:50 nixos kernel: NET: Registered PF_UNIX/PF_LOCAL protocol family
Dec 22 18:19:50 nixos kernel: NET: Registered PF_XDP protocol family
Dec 22 18:19:50 nixos kernel: pci 0000:00:02.2: bridge window [io  0x1000-0x0fff] to [bus 04] add_size 1000
Dec 22 18:19:50 nixos kernel: pci 0000:00:02.2: bridge window [mem 0x00100000-0x000fffff] to [bus 04] add_size 200000 add_align 100000
Dec 22 18:19:50 nixos kernel: pci 0000:00:02.2: BAR 14: assigned [mem 0xf8000000-0xf81fffff]
Dec 22 18:19:50 nixos kernel: pci 0000:00:02.2: BAR 13: assigned [io  0x1000-0x1fff]
Dec 22 18:19:50 nixos kernel: pci 0000:00:01.1: PCI bridge to [bus 01]
Dec 22 18:19:50 nixos kernel: pci 0000:00:01.1:   bridge window [io  0xe000-0xefff]
Dec 22 18:19:50 nixos kernel: pci 0000:00:01.1:   bridge window [mem 0xfb000000-0xfc0fffff]
Dec 22 18:19:50 nixos kernel: pci 0000:00:01.1:   bridge window [mem 0xfc00000000-0xfe01ffffff 64bit pref]
Dec 22 18:19:50 nixos kernel: pci 0000:00:01.3: PCI bridge to [bus 02]
Dec 22 18:19:50 nixos kernel: pci 0000:00:01.3:   bridge window [mem 0xfc800000-0xfc8fffff]
Dec 22 18:19:50 nixos kernel: pci 0000:00:02.1: PCI bridge to [bus 03]
Dec 22 18:19:50 nixos kernel: pci 0000:00:02.1:   bridge window [io  0xd000-0xdfff]
Dec 22 18:19:50 nixos kernel: pci 0000:00:02.1:   bridge window [mem 0xfc700000-0xfc7fffff]
Dec 22 18:19:50 nixos kernel: pci 0000:00:02.2: PCI bridge to [bus 04]
Dec 22 18:19:50 nixos kernel: pci 0000:00:02.2:   bridge window [io  0x1000-0x1fff]
Dec 22 18:19:50 nixos kernel: pci 0000:00:02.2:   bridge window [mem 0xf8000000-0xf81fffff]
Dec 22 18:19:50 nixos kernel: pci 0000:00:02.2:   bridge window [mem 0xfe20300000-0xfe204fffff 64bit pref]
Dec 22 18:19:50 nixos kernel: pci 0000:00:02.4: PCI bridge to [bus 05]
Dec 22 18:19:50 nixos kernel: pci 0000:00:02.4:   bridge window [mem 0xfc600000-0xfc6fffff]
Dec 22 18:19:50 nixos kernel: pci 0000:00:08.1: PCI bridge to [bus 06]
Dec 22 18:19:50 nixos kernel: pci 0000:00:08.1:   bridge window [io  0xc000-0xcfff]
Dec 22 18:19:50 nixos kernel: pci 0000:00:08.1:   bridge window [mem 0xfc200000-0xfc5fffff]
Dec 22 18:19:50 nixos kernel: pci 0000:00:08.1:   bridge window [mem 0xfe10000000-0xfe201fffff 64bit pref]
Dec 22 18:19:50 nixos kernel: pci_bus 0000:00: resource 4 [io  0x0000-0x03af window]
Dec 22 18:19:50 nixos kernel: pci_bus 0000:00: resource 5 [io  0x03e0-0x0cf7 window]
Dec 22 18:19:50 nixos kernel: pci_bus 0000:00: resource 6 [io  0x0d00-0xefff window]
Dec 22 18:19:50 nixos kernel: pci_bus 0000:00: resource 7 [mem 0x000c0000-0x000dffff window]
Dec 22 18:19:50 nixos kernel: pci_bus 0000:00: resource 8 [mem 0xf0000000-0xfcffffff window]
Dec 22 18:19:50 nixos kernel: pci_bus 0000:00: resource 9 [mem 0x410000000-0xffffffffff window]
Dec 22 18:19:50 nixos kernel: pci_bus 0000:01: resource 0 [io  0xe000-0xefff]
Dec 22 18:19:50 nixos kernel: pci_bus 0000:01: resource 1 [mem 0xfb000000-0xfc0fffff]
Dec 22 18:19:50 nixos kernel: pci_bus 0000:01: resource 2 [mem 0xfc00000000-0xfe01ffffff 64bit pref]
Dec 22 18:19:50 nixos kernel: pci_bus 0000:02: resource 1 [mem 0xfc800000-0xfc8fffff]
Dec 22 18:19:50 nixos kernel: pci_bus 0000:03: resource 0 [io  0xd000-0xdfff]
Dec 22 18:19:50 nixos kernel: pci_bus 0000:03: resource 1 [mem 0xfc700000-0xfc7fffff]
Dec 22 18:19:50 nixos kernel: pci_bus 0000:04: resource 0 [io  0x1000-0x1fff]
Dec 22 18:19:50 nixos kernel: pci_bus 0000:04: resource 1 [mem 0xf8000000-0xf81fffff]
Dec 22 18:19:50 nixos kernel: pci_bus 0000:04: resource 2 [mem 0xfe20300000-0xfe204fffff 64bit pref]
Dec 22 18:19:50 nixos kernel: pci_bus 0000:05: resource 1 [mem 0xfc600000-0xfc6fffff]
Dec 22 18:19:50 nixos kernel: pci_bus 0000:06: resource 0 [io  0xc000-0xcfff]
Dec 22 18:19:50 nixos kernel: pci_bus 0000:06: resource 1 [mem 0xfc200000-0xfc5fffff]
Dec 22 18:19:50 nixos kernel: pci_bus 0000:06: resource 2 [mem 0xfe10000000-0xfe201fffff 64bit pref]
Dec 22 18:19:50 nixos kernel: pci 0000:01:00.1: extending delay after power-on from D3hot to 20 msec
Dec 22 18:19:50 nixos kernel: pci 0000:01:00.1: D0 power state depends on 0000:01:00.0
Dec 22 18:19:50 nixos kernel: pci 0000:06:00.1: D0 power state depends on 0000:06:00.0
Dec 22 18:19:50 nixos kernel: pci 0000:06:00.3: extending delay after power-on from D3hot to 20 msec
Dec 22 18:19:50 nixos kernel: pci 0000:06:00.4: extending delay after power-on from D3hot to 20 msec
Dec 22 18:19:50 nixos kernel: PCI: CLS 64 bytes, default 64
Dec 22 18:19:50 nixos kernel: pci 0000:00:00.2: AMD-Vi: IOMMU performance counters supported
Dec 22 18:19:50 nixos kernel: pci 0000:00:01.0: Adding to iommu group 0
Dec 22 18:19:50 nixos kernel: Trying to unpack rootfs image as initramfs...
Dec 22 18:19:50 nixos kernel: pci 0000:00:01.1: Adding to iommu group 1
Dec 22 18:19:50 nixos kernel: pci 0000:00:01.3: Adding to iommu group 2
Dec 22 18:19:50 nixos kernel: pci 0000:00:02.0: Adding to iommu group 3
Dec 22 18:19:50 nixos kernel: pci 0000:00:02.1: Adding to iommu group 4
Dec 22 18:19:50 nixos kernel: pci 0000:00:02.2: Adding to iommu group 5
Dec 22 18:19:50 nixos kernel: pci 0000:00:02.4: Adding to iommu group 6
Dec 22 18:19:50 nixos kernel: pci 0000:00:08.0: Adding to iommu group 7
Dec 22 18:19:50 nixos kernel: pci 0000:00:08.1: Adding to iommu group 7
Dec 22 18:19:50 nixos kernel: pci 0000:00:14.0: Adding to iommu group 8
Dec 22 18:19:50 nixos kernel: pci 0000:00:14.3: Adding to iommu group 8
Dec 22 18:19:50 nixos kernel: pci 0000:00:18.0: Adding to iommu group 9
Dec 22 18:19:50 nixos kernel: pci 0000:00:18.1: Adding to iommu group 9
Dec 22 18:19:50 nixos kernel: pci 0000:00:18.2: Adding to iommu group 9
Dec 22 18:19:50 nixos kernel: pci 0000:00:18.3: Adding to iommu group 9
Dec 22 18:19:50 nixos kernel: pci 0000:00:18.4: Adding to iommu group 9
Dec 22 18:19:50 nixos kernel: pci 0000:00:18.5: Adding to iommu group 9
Dec 22 18:19:50 nixos kernel: pci 0000:00:18.6: Adding to iommu group 9
Dec 22 18:19:50 nixos kernel: pci 0000:00:18.7: Adding to iommu group 9
Dec 22 18:19:50 nixos kernel: pci 0000:01:00.0: Adding to iommu group 10
Dec 22 18:19:50 nixos kernel: pci 0000:01:00.1: Adding to iommu group 10
Dec 22 18:19:50 nixos kernel: pci 0000:02:00.0: Adding to iommu group 11
Dec 22 18:19:50 nixos kernel: pci 0000:03:00.0: Adding to iommu group 12
Dec 22 18:19:50 nixos kernel: pci 0000:04:00.0: Adding to iommu group 13
Dec 22 18:19:50 nixos kernel: pci 0000:05:00.0: Adding to iommu group 14
Dec 22 18:19:50 nixos kernel: pci 0000:06:00.0: Adding to iommu group 7
Dec 22 18:19:50 nixos kernel: pci 0000:06:00.1: Adding to iommu group 7
Dec 22 18:19:50 nixos kernel: pci 0000:06:00.2: Adding to iommu group 7
Dec 22 18:19:50 nixos kernel: pci 0000:06:00.3: Adding to iommu group 7
Dec 22 18:19:50 nixos kernel: pci 0000:06:00.4: Adding to iommu group 7
Dec 22 18:19:50 nixos kernel: pci 0000:06:00.5: Adding to iommu group 7
Dec 22 18:19:50 nixos kernel: pci 0000:06:00.6: Adding to iommu group 7
Dec 22 18:19:50 nixos kernel: pci 0000:00:00.2: can't derive routing for PCI INT A
Dec 22 18:19:50 nixos kernel: pci 0000:00:00.2: PCI INT A: not connected
Dec 22 18:19:50 nixos kernel: pci 0000:00:00.2: AMD-Vi: Found IOMMU cap 0x40
Dec 22 18:19:50 nixos kernel: AMD-Vi: Extended features (0x206d73ef22254ade, 0x0): PPR X2APIC NX GT IA GA PC GA_vAPIC
Dec 22 18:19:50 nixos kernel: AMD-Vi: Interrupt remapping enabled
Dec 22 18:19:50 nixos kernel: AMD-Vi: X2APIC enabled
Dec 22 18:19:50 nixos kernel: Freeing initrd memory: 12604K
Dec 22 18:19:50 nixos kernel: AMD-Vi: Virtual APIC enabled
Dec 22 18:19:50 nixos kernel: PCI-DMA: Using software bounce buffering for IO (SWIOTLB)
Dec 22 18:19:50 nixos kernel: software IO TLB: mapped [mem 0x00000000ddf73000-0x00000000e1f73000] (64MB)
Dec 22 18:19:50 nixos kernel: LVT offset 0 assigned for vector 0x400
Dec 22 18:19:50 nixos kernel: perf: AMD IBS detected (0x000003ff)
Dec 22 18:19:50 nixos kernel: perf/amd_iommu: Detected AMD IOMMU #0 (2 banks, 4 counters/bank).
Dec 22 18:19:50 nixos kernel: Initialise system trusted keyrings
Dec 22 18:19:50 nixos kernel: workingset: timestamp_bits=40 max_order=22 bucket_order=0
Dec 22 18:19:50 nixos kernel: zbud: loaded
Dec 22 18:19:50 nixos kernel: Key type asymmetric registered
Dec 22 18:19:50 nixos kernel: Asymmetric key parser 'x509' registered
Dec 22 18:19:50 nixos kernel: alg: self-tests for CTR-KDF (hmac(sha256)) passed
Dec 22 18:19:50 nixos kernel: Block layer SCSI generic (bsg) driver version 0.4 loaded (major 252)
Dec 22 18:19:50 nixos kernel: io scheduler mq-deadline registered
Dec 22 18:19:50 nixos kernel: io scheduler kyber registered
Dec 22 18:19:50 nixos kernel: pcieport 0000:00:01.1: PME: Signaling with IRQ 32
Dec 22 18:19:50 nixos kernel: pcieport 0000:00:01.1: pciehp: Slot #0 AttnBtn- PwrCtrl- MRL- AttnInd- PwrInd- HotPlug+ Surprise+ Interlock- NoCompl+ IbPresDis- LLActRep+
Dec 22 18:19:50 nixos kernel: pcieport 0000:00:01.3: PME: Signaling with IRQ 33
Dec 22 18:19:50 nixos kernel: pcieport 0000:00:02.1: PME: Signaling with IRQ 34
Dec 22 18:19:50 nixos kernel: pcieport 0000:00:02.2: PME: Signaling with IRQ 35
Dec 22 18:19:50 nixos kernel: pcieport 0000:00:02.2: pciehp: Slot #0 AttnBtn- PwrCtrl- MRL- AttnInd- PwrInd- HotPlug+ Surprise+ Interlock- NoCompl+ IbPresDis- LLActRep+
Dec 22 18:19:50 nixos kernel: pcieport 0000:00:02.4: PME: Signaling with IRQ 36
Dec 22 18:19:50 nixos kernel: pcieport 0000:00:08.1: PME: Signaling with IRQ 37
Dec 22 18:19:50 nixos kernel: Estimated ratio of average max frequency by base frequency (times 1024): 1238
Dec 22 18:19:50 nixos kernel: Monitor-Mwait will be used to enter C-1 state
Dec 22 18:19:50 nixos kernel: ACPI: \_SB_.PLTF.P000: Found 3 idle states
Dec 22 18:19:50 nixos kernel: ACPI: \_SB_.PLTF.P001: Found 3 idle states
Dec 22 18:19:50 nixos kernel: ACPI: \_SB_.PLTF.P002: Found 3 idle states
Dec 22 18:19:50 nixos kernel: ACPI: \_SB_.PLTF.P003: Found 3 idle states
Dec 22 18:19:50 nixos kernel: ACPI: \_SB_.PLTF.P004: Found 3 idle states
Dec 22 18:19:50 nixos kernel: ACPI: \_SB_.PLTF.P005: Found 3 idle states
Dec 22 18:19:50 nixos kernel: ACPI: \_SB_.PLTF.P006: Found 3 idle states
Dec 22 18:19:50 nixos kernel: ACPI: \_SB_.PLTF.P007: Found 3 idle states
Dec 22 18:19:50 nixos kernel: ACPI: \_SB_.PLTF.P008: Found 3 idle states
Dec 22 18:19:50 nixos kernel: ACPI: \_SB_.PLTF.P009: Found 3 idle states
Dec 22 18:19:50 nixos kernel: ACPI: \_SB_.PLTF.P00A: Found 3 idle states
Dec 22 18:19:50 nixos kernel: ACPI: \_SB_.PLTF.P00B: Found 3 idle states
Dec 22 18:19:50 nixos kernel: ACPI: \_SB_.PLTF.P00C: Found 3 idle states
Dec 22 18:19:50 nixos kernel: ACPI: \_SB_.PLTF.P00D: Found 3 idle states
Dec 22 18:19:50 nixos kernel: ACPI: \_SB_.PLTF.P00E: Found 3 idle states
Dec 22 18:19:50 nixos kernel: ACPI: \_SB_.PLTF.P00F: Found 3 idle states
Dec 22 18:19:50 nixos kernel: Serial: 8250/16550 driver, 4 ports, IRQ sharing enabled
Dec 22 18:19:50 nixos kernel: efifb: probing for efifb
Dec 22 18:19:50 nixos kernel: efifb: showing boot graphics
Dec 22 18:19:50 nixos kernel: efifb: framebuffer at 0xfe10000000, using 14400k, total 14400k
Dec 22 18:19:50 nixos kernel: efifb: mode is 2560x1440x32, linelength=10240, pages=1
Dec 22 18:19:50 nixos kernel: efifb: scrolling: redraw
Dec 22 18:19:50 nixos kernel: efifb: Truecolor: size=8:8:8:8, shift=24:16:8:0
Dec 22 18:19:50 nixos kernel: Console: switching to colour frame buffer device 160x45
Dec 22 18:19:50 nixos kernel: fb0: EFI VGA frame buffer device
Dec 22 18:19:50 nixos kernel: drop_monitor: Initializing network drop monitor service
Dec 22 18:19:50 nixos kernel: NET: Registered PF_INET6 protocol family
Dec 22 18:19:50 nixos kernel: Segment Routing with IPv6
Dec 22 18:19:50 nixos kernel: In-situ OAM (IOAM) with IPv6
Dec 22 18:19:50 nixos kernel: microcode: CPU0: patch_level=0x0a50000c
Dec 22 18:19:50 nixos kernel: microcode: CPU1: patch_level=0x0a50000c
Dec 22 18:19:50 nixos kernel: microcode: CPU2: patch_level=0x0a50000c
Dec 22 18:19:50 nixos kernel: microcode: CPU3: patch_level=0x0a50000c
Dec 22 18:19:50 nixos kernel: microcode: CPU4: patch_level=0x0a50000c
Dec 22 18:19:50 nixos kernel: microcode: CPU5: patch_level=0x0a50000c
Dec 22 18:19:50 nixos kernel: microcode: CPU6: patch_level=0x0a50000c
Dec 22 18:19:50 nixos kernel: microcode: CPU7: patch_level=0x0a50000c
Dec 22 18:19:50 nixos kernel: microcode: CPU8: patch_level=0x0a50000c
Dec 22 18:19:50 nixos kernel: microcode: CPU9: patch_level=0x0a50000c
Dec 22 18:19:50 nixos kernel: microcode: CPU10: patch_level=0x0a50000c
Dec 22 18:19:50 nixos kernel: microcode: CPU11: patch_level=0x0a50000c
Dec 22 18:19:50 nixos kernel: microcode: CPU12: patch_level=0x0a50000c
Dec 22 18:19:50 nixos kernel: microcode: CPU13: patch_level=0x0a50000c
Dec 22 18:19:50 nixos kernel: microcode: CPU14: patch_level=0x0a50000c
Dec 22 18:19:50 nixos kernel: microcode: CPU15: patch_level=0x0a50000c
Dec 22 18:19:50 nixos kernel: microcode: Microcode Update Driver: v2.2.
Dec 22 18:19:50 nixos kernel: IPI shorthand broadcast: enabled
Dec 22 18:19:50 nixos kernel: sched_clock: Marking stable (669050843, 202821)->(687321998, -18068334)
Dec 22 18:19:50 nixos kernel: registered taskstats version 1
Dec 22 18:19:50 nixos kernel: Loading compiled-in X.509 certificates
Dec 22 18:19:50 nixos kernel: zswap: loaded using pool lzo/zbud
Dec 22 18:19:50 nixos kernel: Key type .fscrypt registered
Dec 22 18:19:50 nixos kernel: Key type fscrypt-provisioning registered
Dec 22 18:19:50 nixos kernel: Freeing unused decrypted memory: 2036K
Dec 22 18:19:50 nixos kernel: Freeing unused kernel image (initmem) memory: 1896K
Dec 22 18:19:50 nixos kernel: Write protecting the kernel read-only data: 22528k
Dec 22 18:19:50 nixos kernel: Freeing unused kernel image (text/rodata gap) memory: 2040K
Dec 22 18:19:50 nixos kernel: Freeing unused kernel image (rodata/data gap) memory: 292K
Dec 22 18:19:50 nixos kernel: x86/mm: Checked W+X mappings: passed, no W+X pages found.
Dec 22 18:19:50 nixos kernel: Run /init as init process
Dec 22 18:19:50 nixos kernel:   with arguments:
Dec 22 18:19:50 nixos kernel:     /init
Dec 22 18:19:50 nixos kernel:   with environment:
Dec 22 18:19:50 nixos kernel:     HOME=/
Dec 22 18:19:50 nixos kernel:     TERM=linux
Dec 22 18:19:50 nixos stage-1-init: [Sat Dec 23 01:19:49 UTC 2023] loading module btrfs...
Dec 22 18:19:50 nixos kernel: raid6: avx2x4   gen() 45558 MB/s
Dec 22 18:19:50 nixos kernel: raid6: avx2x2   gen() 47242 MB/s
Dec 22 18:19:50 nixos kernel: raid6: avx2x1   gen() 34208 MB/s
Dec 22 18:19:50 nixos kernel: raid6: using algorithm avx2x2 gen() 47242 MB/s
Dec 22 18:19:50 nixos kernel: raid6: .... xor() 39780 MB/s, rmw enabled
Dec 22 18:19:50 nixos kernel: raid6: using avx2x2 recovery algorithm
Dec 22 18:19:50 nixos kernel: xor: automatically using best checksumming function   avx       
Dec 22 18:19:50 nixos kernel: Btrfs loaded, crc32c=crc32c-intel, zoned=no, fsverity=no
Dec 22 18:19:50 nixos stage-1-init: [Sat Dec 23 01:19:49 UTC 2023] loading module dm_mod...
Dec 22 18:19:50 nixos kernel: device-mapper: ioctl: 4.47.0-ioctl (2022-07-28) initialised: dm-devel@redhat.com
Dec 22 18:19:50 nixos stage-1-init: [Sat Dec 23 01:19:49 UTC 2023] running udev...
Dec 22 18:19:50 nixos stage-1-init: [Sat Dec 23 01:19:49 UTC 2023] Starting systemd-udevd version 254.6
Dec 22 18:19:50 nixos kernel: rtc_cmos 00:01: RTC can wake from S4
Dec 22 18:19:50 nixos kernel: rtc_cmos 00:01: registered as rtc0
Dec 22 18:19:50 nixos kernel: rtc_cmos 00:01: alarms up to one month, y3k, 114 bytes nvram, hpet irqs
Dec 22 18:19:50 nixos kernel: ACPI: bus type USB registered
Dec 22 18:19:50 nixos kernel: usbcore: registered new interface driver usbfs
Dec 22 18:19:50 nixos kernel: usbcore: registered new interface driver hub
Dec 22 18:19:50 nixos kernel: usbcore: registered new device driver usb
Dec 22 18:19:50 nixos kernel: sdhci: Secure Digital Host Controller Interface driver
Dec 22 18:19:50 nixos kernel: sdhci: Copyright(c) Pierre Ossman
Dec 22 18:19:50 nixos kernel: nvme 0000:05:00.0: platform quirk: setting simple suspend
Dec 22 18:19:50 nixos kernel: nvme nvme0: pci function 0000:05:00.0
Dec 22 18:19:50 nixos kernel: nvme nvme0: 16/0/0 default/read/poll queues
Dec 22 18:19:50 nixos kernel: nvme nvme0: Ignoring bogus Namespace Identifiers
Dec 22 18:19:50 nixos kernel:  nvme0n1: p1 p2 p3
Dec 22 18:19:50 nixos kernel: sdhci-pci 0000:02:00.0: SDHCI controller found [17a0:9755] (rev 0)
Dec 22 18:19:50 nixos kernel: sdhci-pci 0000:02:00.0: enabling device (0000 -> 0002)
Dec 22 18:19:50 nixos kernel: xhci_hcd 0000:06:00.3: xHCI Host Controller
Dec 22 18:19:50 nixos kernel: xhci_hcd 0000:06:00.3: new USB bus registered, assigned bus number 1
Dec 22 18:19:50 nixos kernel: xhci_hcd 0000:06:00.3: hcc params 0x0268ffe5 hci version 0x110 quirks 0x0000020000000410
Dec 22 18:19:50 nixos kernel: mmc0: SDHCI controller on PCI [0000:02:00.0] using ADMA 64-bit
Dec 22 18:19:50 nixos kernel: xhci_hcd 0000:06:00.3: xHCI Host Controller
Dec 22 18:19:50 nixos kernel: xhci_hcd 0000:06:00.3: new USB bus registered, assigned bus number 2
Dec 22 18:19:50 nixos kernel: xhci_hcd 0000:06:00.3: Host supports USB 3.1 Enhanced SuperSpeed
Dec 22 18:19:50 nixos kernel: usb usb1: New USB device found, idVendor=1d6b, idProduct=0002, bcdDevice= 6.01
Dec 22 18:19:50 nixos kernel: usb usb1: New USB device strings: Mfr=3, Product=2, SerialNumber=1
Dec 22 18:19:50 nixos kernel: usb usb1: Product: xHCI Host Controller
Dec 22 18:19:50 nixos kernel: usb usb1: Manufacturer: Linux 6.1.68 xhci-hcd
Dec 22 18:19:50 nixos kernel: usb usb1: SerialNumber: 0000:06:00.3
Dec 22 18:19:50 nixos kernel: hub 1-0:1.0: USB hub found
Dec 22 18:19:50 nixos kernel: hub 1-0:1.0: 4 ports detected
Dec 22 18:19:50 nixos kernel: usb usb2: We don't know the algorithms for LPM for this host, disabling LPM.
Dec 22 18:19:50 nixos kernel: usb usb2: New USB device found, idVendor=1d6b, idProduct=0003, bcdDevice= 6.01
Dec 22 18:19:50 nixos kernel: usb usb2: New USB device strings: Mfr=3, Product=2, SerialNumber=1
Dec 22 18:19:50 nixos kernel: usb usb2: Product: xHCI Host Controller
Dec 22 18:19:50 nixos kernel: usb usb2: Manufacturer: Linux 6.1.68 xhci-hcd
Dec 22 18:19:50 nixos kernel: usb usb2: SerialNumber: 0000:06:00.3
Dec 22 18:19:50 nixos kernel: hub 2-0:1.0: USB hub found
Dec 22 18:19:50 nixos kernel: hub 2-0:1.0: 2 ports detected
Dec 22 18:19:50 nixos kernel: xhci_hcd 0000:06:00.4: xHCI Host Controller
Dec 22 18:19:50 nixos kernel: xhci_hcd 0000:06:00.4: new USB bus registered, assigned bus number 3
Dec 22 18:19:50 nixos kernel: xhci_hcd 0000:06:00.4: hcc params 0x0268ffe5 hci version 0x110 quirks 0x0000020000000410
Dec 22 18:19:50 nixos kernel: xhci_hcd 0000:06:00.4: xHCI Host Controller
Dec 22 18:19:50 nixos kernel: xhci_hcd 0000:06:00.4: new USB bus registered, assigned bus number 4
Dec 22 18:19:50 nixos kernel: xhci_hcd 0000:06:00.4: Host supports USB 3.1 Enhanced SuperSpeed
Dec 22 18:19:50 nixos kernel: usb usb3: New USB device found, idVendor=1d6b, idProduct=0002, bcdDevice= 6.01
Dec 22 18:19:50 nixos kernel: usb usb3: New USB device strings: Mfr=3, Product=2, SerialNumber=1
Dec 22 18:19:50 nixos kernel: usb usb3: Product: xHCI Host Controller
Dec 22 18:19:50 nixos kernel: usb usb3: Manufacturer: Linux 6.1.68 xhci-hcd
Dec 22 18:19:50 nixos kernel: usb usb3: SerialNumber: 0000:06:00.4
Dec 22 18:19:50 nixos kernel: hub 3-0:1.0: USB hub found
Dec 22 18:19:50 nixos kernel: hub 3-0:1.0: 4 ports detected
Dec 22 18:19:50 nixos kernel: usb usb4: We don't know the algorithms for LPM for this host, disabling LPM.
Dec 22 18:19:50 nixos kernel: usb usb4: New USB device found, idVendor=1d6b, idProduct=0003, bcdDevice= 6.01
Dec 22 18:19:50 nixos kernel: usb usb4: New USB device strings: Mfr=3, Product=2, SerialNumber=1
Dec 22 18:19:50 nixos kernel: usb usb4: Product: xHCI Host Controller
Dec 22 18:19:50 nixos kernel: usb usb4: Manufacturer: Linux 6.1.68 xhci-hcd
Dec 22 18:19:50 nixos kernel: usb usb4: SerialNumber: 0000:06:00.4
Dec 22 18:19:50 nixos kernel: hub 4-0:1.0: USB hub found
Dec 22 18:19:50 nixos kernel: hub 4-0:1.0: 2 ports detected
Dec 22 18:19:50 nixos stage-1-init: [Sat Dec 23 01:19:49 UTC 2023] starting device mapper and LVM...
Dec 22 18:19:50 nixos kernel: BTRFS: device fsid 1f910075-7aed-4387-a655-b059885d6cd5 devid 1 transid 134 /dev/nvme0n1p1 scanned by btrfs (270)
Dec 22 18:19:50 nixos kernel: BTRFS: device fsid 1737c7bd-4179-48d0-bea9-eae090ed3017 devid 1 transid 413 /dev/nvme0n1p3 scanned by btrfs (270)
Dec 22 18:19:50 nixos stage-1-init: [Sat Dec 23 01:19:50 UTC 2023] Scanning for Btrfs filesystems
Dec 22 18:19:50 nixos stage-1-init: [Sat Dec 23 01:19:50 UTC 2023] registered: /dev/nvme0n1p3
Dec 22 18:19:50 nixos stage-1-init: [Sat Dec 23 01:19:50 UTC 2023] registered: /dev/nvme0n1p1
Dec 22 18:19:50 nixos stage-1-init: [Sat Dec 23 01:19:50 UTC 2023] mounting /dev/disk/by-uuid/1737c7bd-4179-48d0-bea9-eae090ed3017 on /...
Dec 22 18:19:50 nixos kernel: BTRFS info (device nvme0n1p3): first mount of filesystem 1737c7bd-4179-48d0-bea9-eae090ed3017
Dec 22 18:19:50 nixos kernel: BTRFS info (device nvme0n1p3): using crc32c (crc32c-intel) checksum algorithm
Dec 22 18:19:50 nixos kernel: BTRFS info (device nvme0n1p3): using free space tree
Dec 22 18:19:50 nixos kernel: BTRFS info (device nvme0n1p3): enabling ssd optimizations
Dec 22 18:19:50 nixos unknown: booting system configuration /nix/store/3wvi4dzfg4jv8rhc7452z65l4mib11a8-nixos-system-nixos-23.11.2082.d02ffbbe834b
Dec 22 18:19:50 nixos stage-2-init: running activation script...
Dec 22 18:19:50 nixos kernel: usb 1-1: new low-speed USB device number 2 using xhci_hcd
Dec 22 18:19:50 nixos kernel: usb 3-1: new high-speed USB device number 2 using xhci_hcd
Dec 22 18:19:50 nixos stage-2-init: setting up /etc...
Dec 22 18:19:50 nixos kernel: usb 3-1: New USB device found, idVendor=03f0, idProduct=096b, bcdDevice= 6.11
Dec 22 18:19:50 nixos kernel: usb 3-1: New USB device strings: Mfr=1, Product=2, SerialNumber=0
Dec 22 18:19:50 nixos kernel: usb 3-1: Product: HP USB-C/A Universal Dock G2
Dec 22 18:19:50 nixos kernel: usb 3-1: Manufacturer: Microchip
Dec 22 18:19:50 nixos kernel: usb 1-1: New USB device found, idVendor=413c, idProduct=2107, bcdDevice= 1.15
Dec 22 18:19:50 nixos kernel: usb 1-1: New USB device strings: Mfr=1, Product=2, SerialNumber=0
Dec 22 18:19:50 nixos kernel: usb 1-1: Product: Dell USB Entry Keyboard
Dec 22 18:19:50 nixos kernel: usb 1-1: Manufacturer: Dell
Dec 22 18:19:50 nixos systemd[1]: Inserted module 'autofs4'
Dec 22 18:19:50 nixos systemd[1]: systemd 254.6 running in system mode (+PAM +AUDIT -SELINUX +APPARMOR +IMA +SMACK +SECCOMP +GCRYPT -GNUTLS +OPENSSL +ACL +BLKID +CURL +ELFUTILS +FIDO2 +IDN2 -IDN +IPTC +KMOD +LIBCRYPTSETUP +LIBFDISK +PCRE2 -PWQUALITY +P11KIT -QRENCODE +TPM2 +BZIP2 +LZ4 +XZ +ZLIB +ZSTD +BPF_FRAMEWORK -XKBCOMMON +UTMP -SYSVINIT default-hierarchy=unified)
Dec 22 18:19:50 nixos systemd[1]: Detected architecture x86-64.
Dec 22 18:19:50 nixos systemd[1]: Hostname set to <nixos>.
Dec 22 18:19:50 nixos kernel: mmc0: new ultra high speed SDR104 SDXC card at address aaaa
Dec 22 18:19:50 nixos kernel: hub 3-1:1.0: USB hub found
Dec 22 18:19:50 nixos kernel: hub 3-1:1.0: 5 ports detected
Dec 22 18:19:50 nixos kernel: usb 4-1: new SuperSpeed USB device number 2 using xhci_hcd
Dec 22 18:19:50 nixos kernel: usb 4-1: New USB device found, idVendor=03f0, idProduct=0c6b, bcdDevice= 6.11
Dec 22 18:19:50 nixos kernel: usb 4-1: New USB device strings: Mfr=1, Product=2, SerialNumber=0
Dec 22 18:19:50 nixos kernel: usb 4-1: Product: HP USB-C/A Universal Dock G2
Dec 22 18:19:50 nixos kernel: usb 4-1: Manufacturer: Microchip
Dec 22 18:19:50 nixos kernel: usb 1-2: new full-speed USB device number 3 using xhci_hcd
Dec 22 18:19:50 nixos kernel: hub 4-1:1.0: USB hub found
Dec 22 18:19:50 nixos kernel: hub 4-1:1.0: 4 ports detected
Dec 22 18:19:50 nixos kernel: usb 3-2: new full-speed USB device number 3 using xhci_hcd
Dec 22 18:19:50 nixos kernel: tsc: Refined TSC clocksource calibration: 3299.097 MHz
Dec 22 18:19:50 nixos kernel: clocksource: tsc: mask: 0xffffffffffffffff max_cycles: 0x2f8df7a15fd, max_idle_ns: 440795300395 ns
Dec 22 18:19:50 nixos kernel: clocksource: Switched to clocksource tsc
Dec 22 18:19:50 nixos kernel: usb 1-2: New USB device found, idVendor=1532, idProduct=0083, bcdDevice= 1.00
Dec 22 18:19:50 nixos kernel: usb 1-2: New USB device strings: Mfr=1, Product=2, SerialNumber=0
Dec 22 18:19:50 nixos kernel: usb 1-2: Product: Razer Basilsk X HyperSpeed
Dec 22 18:19:50 nixos kernel: usb 1-2: Manufacturer: Razer
Dec 22 18:19:50 nixos systemd[1]: bpf-lsm: LSM BPF program attached
Dec 22 18:19:50 nixos kernel: usb 3-2: not running at top speed; connect to a high speed hub
Dec 22 18:19:50 nixos kernel: usb 3-2: New USB device found, idVendor=2109, idProduct=0103, bcdDevice= 2.00
Dec 22 18:19:50 nixos kernel: usb 3-2: New USB device strings: Mfr=1, Product=2, SerialNumber=3
Dec 22 18:19:50 nixos kernel: usb 3-2: Product: USB 2.0 BILLBOARD             
Dec 22 18:19:50 nixos kernel: usb 3-2: Manufacturer: VIA Technologies Inc.         
Dec 22 18:19:50 nixos kernel: usb 3-2: SerialNumber: 0000000000000001
Dec 22 18:19:50 nixos systemd[1]: /etc/systemd/system/cups.socket:5: ListenStream= references a path below legacy directory /var/run/, updating /var/run/cups/cups.sock  /run/cups/cups.sock; please update the unit file accordingly.
Dec 22 18:19:50 nixos systemd[1]: Queued start job for default target Graphical Interface.
Dec 22 18:19:50 nixos systemd[1]: Created slice Virtual Machine and Container Slice.
Dec 22 18:19:50 nixos systemd[1]: Created slice Slice /system/getty.
Dec 22 18:19:50 nixos systemd[1]: Created slice Slice /system/modprobe.
Dec 22 18:19:50 nixos systemd[1]: Created slice Slice /system/systemd-fsck.
Dec 22 18:19:50 nixos systemd[1]: Created slice User and Session Slice.
Dec 22 18:19:50 nixos systemd[1]: Started Dispatch Password Requests to Console Directory Watch.
Dec 22 18:19:50 nixos systemd[1]: Started Forward Password Requests to Wall Directory Watch.
Dec 22 18:19:50 nixos systemd[1]: Reached target Local Encrypted Volumes.
Dec 22 18:19:50 nixos systemd[1]: Reached target Containers.
Dec 22 18:19:50 nixos systemd[1]: Reached target Path Units.
Dec 22 18:19:50 nixos systemd[1]: Reached target Remote File Systems.
Dec 22 18:19:50 nixos systemd[1]: Reached target Slice Units.
Dec 22 18:19:50 nixos systemd[1]: Reached target Swaps.
Dec 22 18:19:50 nixos systemd[1]: Listening on Process Core Dump Socket.
Dec 22 18:19:50 nixos systemd[1]: Listening on Journal Socket (/dev/log).
Dec 22 18:19:50 nixos systemd[1]: Listening on Journal Socket.
Dec 22 18:19:50 nixos systemd[1]: Listening on Userspace Out-Of-Memory (OOM) Killer Socket.
Dec 22 18:19:50 nixos systemd[1]: Listening on udev Control Socket.
Dec 22 18:19:50 nixos kernel: usb 3-1.3: new high-speed USB device number 4 using xhci_hcd
Dec 22 18:19:50 nixos systemd[1]: Listening on udev Kernel Socket.
Dec 22 18:19:50 nixos systemd[1]: Mounting Huge Pages File System...
Dec 22 18:19:50 nixos systemd[1]: Mounting POSIX Message Queue File System...
Dec 22 18:19:50 nixos kernel: usb 1-3: new full-speed USB device number 4 using xhci_hcd
Dec 22 18:19:50 nixos systemd[1]: Mounting Kernel Debug File System...
Dec 22 18:19:50 nixos systemd[1]: Starting Create List of Static Device Nodes...
Dec 22 18:19:50 nixos systemd[1]: Starting Load Kernel Module configfs...
Dec 22 18:19:50 nixos systemd[1]: Starting Load Kernel Module drm...
Dec 22 18:19:50 nixos systemd[1]: Starting Load Kernel Module efi_pstore...
Dec 22 18:19:50 nixos systemd[1]: Starting Load Kernel Module fuse...
Dec 22 18:19:50 nixos kernel: usb 3-1.3: New USB device found, idVendor=03f0, idProduct=0e6b, bcdDevice= 1.21
Dec 22 18:19:50 nixos kernel: usb 3-1.3: New USB device strings: Mfr=1, Product=2, SerialNumber=0
Dec 22 18:19:50 nixos kernel: usb 3-1.3: Product: USB2734
Dec 22 18:19:50 nixos kernel: usb 3-1.3: Manufacturer: Microchip Tech
Dec 22 18:19:50 nixos kernel: pstore: Using crash dump compression: deflate
Dec 22 18:19:50 nixos systemd[1]: Starting mount-pstore.service...
Dec 22 18:19:50 nixos kernel: pstore: Registered efi as persistent store backend
Dec 22 18:19:50 nixos systemd[1]: Starting Create SUID/SGID Wrappers...
Dec 22 18:19:50 nixos kernel: fuse: init (API version 7.37)
Dec 22 18:19:50 nixos systemd[1]: File System Check on Root Device was skipped because of an unmet condition check (ConditionPathIsReadWrite=!/).
Dec 22 18:19:50 nixos systemd[1]: Starting Journal Service...
Dec 22 18:19:50 nixos systemd[1]: Starting Load Kernel Modules...
Dec 22 18:19:50 nixos kernel: ACPI: bus type drm_connector registered
Dec 22 18:19:50 nixos kernel: hub 3-1.3:1.0: USB hub found
Dec 22 18:19:50 nixos kernel: hub 3-1.3:1.0: 4 ports detected
Dec 22 18:19:50 nixos systemd[1]: Starting Remount Root and Kernel File Systems...
Dec 22 18:19:50 nixos systemd[1]: Starting Coldplug All udev Devices...
Dec 22 18:19:50 nixos systemd-journald[586]: Collecting audit messages is disabled.
Dec 22 18:19:50 nixos systemd[1]: Mounted Huge Pages File System.
Dec 22 18:19:50 nixos systemd[1]: Mounted POSIX Message Queue File System.
Dec 22 18:19:50 nixos kernel: usb 4-1.2: new SuperSpeed USB device number 3 using xhci_hcd
Dec 22 18:19:50 nixos systemd[1]: Mounted Kernel Debug File System.
Dec 22 18:19:50 nixos kernel: usb 4-1.2: New USB device found, idVendor=17e9, idProduct=601e, bcdDevice=31.02
Dec 22 18:19:50 nixos kernel: usb 4-1.2: New USB device strings: Mfr=1, Product=2, SerialNumber=3
Dec 22 18:19:50 nixos kernel: usb 4-1.2: Product: HP USB-C Universal Docking Station
Dec 22 18:19:50 nixos kernel: usb 4-1.2: Manufacturer: DisplayLink
Dec 22 18:19:50 nixos kernel: usb 4-1.2: SerialNumber: 20F20440494
Dec 22 18:19:50 nixos systemd[1]: Finished Create List of Static Device Nodes.
Dec 22 18:19:50 nixos kernel: usb 1-3: New USB device found, idVendor=0b05, idProduct=19b6, bcdDevice= 0.02
Dec 22 18:19:50 nixos kernel: usb 1-3: New USB device strings: Mfr=1, Product=2, SerialNumber=0
Dec 22 18:19:50 nixos kernel: usb 1-3: Product: N-KEY Device
Dec 22 18:19:50 nixos kernel: usb 1-3: Manufacturer: ASUSTeK Computer Inc.
Dec 22 18:19:50 nixos systemd[1]: modprobe@configfs.service: Deactivated successfully.
Dec 22 18:19:50 nixos systemd-journald[586]: Journal started
 Subject: The journal has been started
 Defined-By: systemd
 Support: https://lists.freedesktop.org/mailman/listinfo/systemd-devel
 
 The system journal process has started up, opened the journal
 files for writing and is now ready to process requests.
Dec 22 18:19:50 nixos systemd-journald[586]: Runtime Journal (/run/log/journal/adfa0ef4762c43b9b1b9bc4578b15920) is 8.0M, max 385.1M, 377.1M free.
 Subject: Disk space used by the journal
 Defined-By: systemd
 Support: https://lists.freedesktop.org/mailman/listinfo/systemd-devel
 
 Runtime Journal (/run/log/journal/adfa0ef4762c43b9b1b9bc4578b15920) is currently using 8.0M.
 Maximum allowed usage is set to 385.1M.
 Leaving at least 192.5M free (of currently available 3.7G of disk space).
 Enforced usage limit is thus 385.1M, of which 377.1M are still available.
 
 The limits controlling how much disk space is used by the journal may
 be configured with SystemMaxUse=, SystemKeepFree=, SystemMaxFileSize=,
 RuntimeMaxUse=, RuntimeKeepFree=, RuntimeMaxFileSize= settings in
 /etc/systemd/journald.conf. See journald.conf(5) for details.
Dec 22 18:19:51 nixos systemd[1]: Finished Load Kernel Module configfs.
Dec 22 18:19:51 nixos systemd[1]: Started Journal Service.
Dec 22 18:19:51 nixos kernel: ccp 0000:06:00.2: enabling device (0000 -> 0002)
Dec 22 18:19:51 nixos kernel: ccp 0000:06:00.2: ccp: unable to access the device: you might be running a broken BIOS.
Dec 22 18:19:51 nixos systemd[1]: modprobe@drm.service: Deactivated successfully.
 Subject: Unit succeeded
 Defined-By: systemd
 Support: https://lists.freedesktop.org/mailman/listinfo/systemd-devel
 
 The unit modprobe@drm.service has successfully entered the 'dead' state.
Dec 22 18:19:51 nixos kernel: ccp 0000:06:00.2: tee enabled
Dec 22 18:19:51 nixos kernel: ccp 0000:06:00.2: psp enabled
Dec 22 18:19:51 nixos systemd[1]: Finished Load Kernel Module drm.
 Subject: A start job for unit modprobe@drm.service has finished successfully
 Defined-By: systemd
 Support: https://lists.freedesktop.org/mailman/listinfo/systemd-devel
 
 A start job for unit modprobe@drm.service has finished successfully.
 
 The job identifier is 74.
Dec 22 18:19:51 nixos systemd[1]: modprobe@efi_pstore.service: Deactivated successfully.
 Subject: Unit succeeded
 Defined-By: systemd
 Support: https://lists.freedesktop.org/mailman/listinfo/systemd-devel
 
 The unit modprobe@efi_pstore.service has successfully entered the 'dead' state.
Dec 22 18:19:51 nixos kernel: SVM: TSC scaling supported
Dec 22 18:19:51 nixos kernel: kvm: Nested Virtualization enabled
Dec 22 18:19:51 nixos kernel: SVM: kvm: Nested Paging enabled
Dec 22 18:19:51 nixos kernel: SVM: Virtual VMLOAD VMSAVE supported
Dec 22 18:19:51 nixos kernel: SVM: Virtual GIF supported
Dec 22 18:19:51 nixos kernel: SVM: LBR virtualization supported
Dec 22 18:19:51 nixos systemd-modules-load[589]: Inserted module 'kvm_amd'
Dec 22 18:19:51 nixos systemd[1]: Finished Load Kernel Module efi_pstore.
 Subject: A start job for unit modprobe@efi_pstore.service has finished successfully
 Defined-By: systemd
 Support: https://lists.freedesktop.org/mailman/listinfo/systemd-devel
 
 A start job for unit modprobe@efi_pstore.service has finished successfully.
 
 The job identifier is 39.
Dec 22 18:19:51 nixos systemd-modules-load[589]: Inserted module 'bridge'
Dec 22 18:19:51 nixos kernel: bridge: filtering via arp/ip/ip6tables is no longer available by default. Update your scripts to load br_netfilter if you need this.
Dec 22 18:19:51 nixos systemd[1]: modprobe@fuse.service: Deactivated successfully.
 Subject: Unit succeeded
 Defined-By: systemd
 Support: https://lists.freedesktop.org/mailman/listinfo/systemd-devel
 
 The unit modprobe@fuse.service has successfully entered the 'dead' state.
Dec 22 18:19:51 nixos systemd-modules-load[589]: Inserted module 'macvlan'
Dec 22 18:19:51 nixos kernel: usb 3-3: new full-speed USB device number 5 using xhci_hcd
Dec 22 18:19:51 nixos systemd-modules-load[589]: Inserted module 'tap'
Dec 22 18:19:51 nixos systemd-modules-load[589]: Inserted module 'tun'
Dec 22 18:19:51 nixos kernel: tun: Universal TUN/TAP device driver, 1.6
Dec 22 18:19:51 nixos systemd-modules-load[589]: Inserted module 'loop'
Dec 22 18:19:51 nixos kernel: loop: module loaded
Dec 22 18:19:51 nixos systemd-modules-load[589]: Inserted module 'atkbd'
Dec 22 18:19:51 nixos systemd-modules-load[589]: Inserted module 'ctr'
Dec 22 18:19:51 nixos systemd[1]: Finished Load Kernel Module fuse.
 Subject: A start job for unit modprobe@fuse.service has finished successfully
 Defined-By: systemd
 Support: https://lists.freedesktop.org/mailman/listinfo/systemd-devel
 
 A start job for unit modprobe@fuse.service has finished successfully.
 
 The job identifier is 42.
Dec 22 18:19:51 nixos systemd[1]: suid-sgid-wrappers.service: Deactivated successfully.
 Subject: Unit succeeded
 Defined-By: systemd
 Support: https://lists.freedesktop.org/mailman/listinfo/systemd-devel
 
 The unit suid-sgid-wrappers.service has successfully entered the 'dead' state.
Dec 22 18:19:51 nixos systemd[1]: Finished Create SUID/SGID Wrappers.
 Subject: A start job for unit suid-sgid-wrappers.service has finished successfully
 Defined-By: systemd
 Support: https://lists.freedesktop.org/mailman/listinfo/systemd-devel
 
 A start job for unit suid-sgid-wrappers.service has finished successfully.
 
 The job identifier is 36.
Dec 22 18:19:51 nixos systemd[1]: Finished Load Kernel Modules.
 Subject: A start job for unit systemd-modules-load.service has finished successfully
 Defined-By: systemd
 Support: https://lists.freedesktop.org/mailman/listinfo/systemd-devel
 
 A start job for unit systemd-modules-load.service has finished successfully.
 
 The job identifier is 48.
Dec 22 18:19:51 nixos kernel: usb 1-4: new high-speed USB device number 5 using xhci_hcd
Dec 22 18:19:51 nixos systemd[1]: Finished Remount Root and Kernel File Systems.
 Subject: A start job for unit systemd-remount-fs.service has finished successfully
 Defined-By: systemd
 Support: https://lists.freedesktop.org/mailman/listinfo/systemd-devel
 
 A start job for unit systemd-remount-fs.service has finished successfully.
 
 The job identifier is 24.
Dec 22 18:19:51 nixos systemd[1]: Finished Coldplug All udev Devices.
 Subject: A start job for unit systemd-udev-trigger.service has finished successfully
 Defined-By: systemd
 Support: https://lists.freedesktop.org/mailman/listinfo/systemd-devel
 
 A start job for unit systemd-udev-trigger.service has finished successfully.
 
 The job identifier is 53.
Dec 22 18:19:51 nixos systemd[1]: Finished mount-pstore.service.
 Subject: A start job for unit mount-pstore.service has finished successfully
 Defined-By: systemd
 Support: https://lists.freedesktop.org/mailman/listinfo/systemd-devel
 
 A start job for unit mount-pstore.service has finished successfully.
 
 The job identifier is 38.
Dec 22 18:19:51 nixos kernel: usb 3-3: New USB device found, idVendor=27c6, idProduct=521d, bcdDevice= 1.00
Dec 22 18:19:51 nixos kernel: usb 3-3: New USB device strings: Mfr=1, Product=2, SerialNumber=0
Dec 22 18:19:51 nixos kernel: usb 3-3: Product: FingerPrint
Dec 22 18:19:51 nixos kernel: usb 3-3: Manufacturer: Goodix
Dec 22 18:19:51 nixos systemd[1]: Mounting FUSE Control File System...
 Subject: A start job for unit sys-fs-fuse-connections.mount has begun execution
 Defined-By: systemd
 Support: https://lists.freedesktop.org/mailman/listinfo/systemd-devel
 
 A start job for unit sys-fs-fuse-connections.mount has begun execution.
 
 The job identifier is 41.
Dec 22 18:19:51 nixos systemd[1]: Mounting Kernel Configuration File System...
 Subject: A start job for unit sys-kernel-config.mount has begun execution
 Defined-By: systemd
 Support: https://lists.freedesktop.org/mailman/listinfo/systemd-devel
 
 A start job for unit sys-kernel-config.mount has begun execution.
 
 The job identifier is 8.
Dec 22 18:19:51 nixos systemd[1]: Starting Firewall...
 Subject: A start job for unit firewall.service has begun execution
 Defined-By: systemd
 Support: https://lists.freedesktop.org/mailman/listinfo/systemd-devel
 
 A start job for unit firewall.service has begun execution.
 
 The job identifier is 44.
Dec 22 18:19:51 nixos systemd[1]: Starting Flush Journal to Persistent Storage...
 Subject: A start job for unit systemd-journal-flush.service has begun execution
 Defined-By: systemd
 Support: https://lists.freedesktop.org/mailman/listinfo/systemd-devel
 
 A start job for unit systemd-journal-flush.service has begun execution.
 
 The job identifier is 43.
Dec 22 18:19:51 nixos kernel: usb 1-4: New USB device found, idVendor=13d3, idProduct=3563, bcdDevice= 1.00
Dec 22 18:19:51 nixos kernel: usb 1-4: New USB device strings: Mfr=5, Product=6, SerialNumber=7
Dec 22 18:19:51 nixos kernel: usb 1-4: Product: Wireless_Device
Dec 22 18:19:51 nixos kernel: usb 1-4: Manufacturer: MediaTek Inc.
Dec 22 18:19:51 nixos kernel: usb 1-4: SerialNumber: 000000000
Dec 22 18:19:51 nixos kernel: usb 3-1.5: new full-speed USB device number 6 using xhci_hcd
Dec 22 18:19:51 nixos systemd[1]: Platform Persistent Storage Archival was skipped because of an unmet condition check (ConditionDirectoryNotEmpty=/sys/fs/pstore).
 Subject: A start job for unit systemd-pstore.service has finished successfully
 Defined-By: systemd
 Support: https://lists.freedesktop.org/mailman/listinfo/systemd-devel
 
 A start job for unit systemd-pstore.service has finished successfully.
 
 The job identifier is 37.
Dec 22 18:19:51 nixos systemd[1]: Starting Load/Save OS Random Seed...
 Subject: A start job for unit systemd-random-seed.service has begun execution
 Defined-By: systemd
 Support: https://lists.freedesktop.org/mailman/listinfo/systemd-devel
 
 A start job for unit systemd-random-seed.service has begun execution.
 
 The job identifier is 50.
Dec 22 18:19:51 nixos systemd[1]: Starting Apply Kernel Variables...
 Subject: A start job for unit systemd-sysctl.service has begun execution
 Defined-By: systemd
 Support: https://lists.freedesktop.org/mailman/listinfo/systemd-devel
 
 A start job for unit systemd-sysctl.service has begun execution.
 
 The job identifier is 47.
Dec 22 18:19:51 nixos systemd-journald[586]: Time spent on flushing to /var/log/journal/adfa0ef4762c43b9b1b9bc4578b15920 is 7.093ms for 1002 entries.
Dec 22 18:19:51 nixos systemd-journald[586]: System Journal (/var/log/journal/adfa0ef4762c43b9b1b9bc4578b15920) is 395.5M, max 4.0G, 3.6G free.
 Subject: Disk space used by the journal
 Defined-By: systemd
 Support: https://lists.freedesktop.org/mailman/listinfo/systemd-devel
 
 System Journal (/var/log/journal/adfa0ef4762c43b9b1b9bc4578b15920) is currently using 395.5M.
 Maximum allowed usage is set to 4.0G.
 Leaving at least 4.0G free (of currently available 358.5G of disk space).
 Enforced usage limit is thus 4.0G, of which 3.6G are still available.
 
 The limits controlling how much disk space is used by the journal may
 be configured with SystemMaxUse=, SystemKeepFree=, SystemMaxFileSize=,
 RuntimeMaxUse=, RuntimeKeepFree=, RuntimeMaxFileSize= settings in
 /etc/systemd/journald.conf. See journald.conf(5) for details.
Dec 22 18:19:51 nixos systemd-journald[586]: Received client request to flush runtime journal.
Dec 22 18:19:51 nixos systemd-journald[586]: File /var/log/journal/adfa0ef4762c43b9b1b9bc4578b15920/system.journal corrupted or uncleanly shut down, renaming and replacing.
Dec 22 18:19:51 nixos systemd[1]: Starting Create Static Device Nodes in /dev gracefully...
 Subject: A start job for unit systemd-tmpfiles-setup-dev-early.service has begun execution
 Defined-By: systemd
 Support: https://lists.freedesktop.org/mailman/listinfo/systemd-devel
 
 A start job for unit systemd-tmpfiles-setup-dev-early.service has begun execution.
 
 The job identifier is 35.
Dec 22 18:19:51 nixos systemd[1]: Mounted FUSE Control File System.
 Subject: A start job for unit sys-fs-fuse-connections.mount has finished successfully
 Defined-By: systemd
 Support: https://lists.freedesktop.org/mailman/listinfo/systemd-devel
 
 A start job for unit sys-fs-fuse-connections.mount has finished successfully.
 
 The job identifier is 41.
Dec 22 18:19:51 nixos systemd[1]: Mounted Kernel Configuration File System.
 Subject: A start job for unit sys-kernel-config.mount has finished successfully
 Defined-By: systemd
 Support: https://lists.freedesktop.org/mailman/listinfo/systemd-devel
 
 A start job for unit sys-kernel-config.mount has finished successfully.
 
 The job identifier is 8.
Dec 22 18:19:51 nixos systemd[1]: Finished Load/Save OS Random Seed.
 Subject: A start job for unit systemd-random-seed.service has finished successfully
 Defined-By: systemd
 Support: https://lists.freedesktop.org/mailman/listinfo/systemd-devel
 
 A start job for unit systemd-random-seed.service has finished successfully.
 
 The job identifier is 50.
Dec 22 18:19:51 nixos systemd[1]: Finished Apply Kernel Variables.
 Subject: A start job for unit systemd-sysctl.service has finished successfully
 Defined-By: systemd
 Support: https://lists.freedesktop.org/mailman/listinfo/systemd-devel
 
 A start job for unit systemd-sysctl.service has finished successfully.
 
 The job identifier is 47.
Dec 22 18:19:51 nixos systemd[1]: Finished Flush Journal to Persistent Storage.
 Subject: A start job for unit systemd-journal-flush.service has finished successfully
 Defined-By: systemd
 Support: https://lists.freedesktop.org/mailman/listinfo/systemd-devel
 
 A start job for unit systemd-journal-flush.service has finished successfully.
 
 The job identifier is 43.
Dec 22 18:19:51 nixos kernel: usb 3-1.5: New USB device found, idVendor=03f0, idProduct=0a6b, bcdDevice= 0.00
Dec 22 18:19:51 nixos kernel: usb 3-1.5: New USB device strings: Mfr=1, Product=2, SerialNumber=3
Dec 22 18:19:51 nixos kernel: usb 3-1.5: Product: HP USB-C/A Universal Dock G2
Dec 22 18:19:51 nixos kernel: usb 3-1.5: Manufacturer: HP
Dec 22 18:19:51 nixos kernel: usb 3-1.5: SerialNumber: 11AD1D0A91DE2D19481C0B00
Dec 22 18:19:51 nixos systemd[1]: Finished Create Static Device Nodes in /dev gracefully.
 Subject: A start job for unit systemd-tmpfiles-setup-dev-early.service has finished successfully
 Defined-By: systemd
 Support: https://lists.freedesktop.org/mailman/listinfo/systemd-devel
 
 A start job for unit systemd-tmpfiles-setup-dev-early.service has finished successfully.
 
 The job identifier is 35.
Dec 22 18:19:51 nixos systemd[1]: Starting Create Static Device Nodes in /dev...
 Subject: A start job for unit systemd-tmpfiles-setup-dev.service has begun execution
 Defined-By: systemd
 Support: https://lists.freedesktop.org/mailman/listinfo/systemd-devel
 
 A start job for unit systemd-tmpfiles-setup-dev.service has begun execution.
 
 The job identifier is 32.
Dec 22 18:19:51 nixos kernel: usb 4-1.3: new SuperSpeed USB device number 4 using xhci_hcd
Dec 22 18:19:51 nixos systemd[1]: Finished Create Static Device Nodes in /dev.
 Subject: A start job for unit systemd-tmpfiles-setup-dev.service has finished successfully
 Defined-By: systemd
 Support: https://lists.freedesktop.org/mailman/listinfo/systemd-devel
 
 A start job for unit systemd-tmpfiles-setup-dev.service has finished successfully.
 
 The job identifier is 32.
Dec 22 18:19:51 nixos kernel: usb 4-1.3: New USB device found, idVendor=03f0, idProduct=0d6b, bcdDevice= 1.21
Dec 22 18:19:51 nixos kernel: usb 4-1.3: New USB device strings: Mfr=2, Product=3, SerialNumber=0
Dec 22 18:19:51 nixos kernel: usb 4-1.3: Product: USB5734
Dec 22 18:19:51 nixos kernel: usb 4-1.3: Manufacturer: Microchip Tech
Dec 22 18:19:51 nixos systemd[1]: Finished Firewall.
 Subject: A start job for unit firewall.service has finished successfully
 Defined-By: systemd
 Support: https://lists.freedesktop.org/mailman/listinfo/systemd-devel
 
 A start job for unit firewall.service has finished successfully.
 
 The job identifier is 44.
Dec 22 18:19:51 nixos systemd[1]: Reached target Preparation for Local File Systems.
 Subject: A start job for unit local-fs-pre.target has finished successfully
 Defined-By: systemd
 Support: https://lists.freedesktop.org/mailman/listinfo/systemd-devel
 
 A start job for unit local-fs-pre.target has finished successfully.
 
 The job identifier is 25.
Dec 22 18:19:51 nixos kernel: clocksource: timekeeping watchdog on CPU4: Marking clocksource 'tsc' as unstable because the skew is too large:
Dec 22 18:19:51 nixos kernel: clocksource:                       'hpet' wd_nsec: 504732375 wd_now: 228b75d wd_last: 1ba717c mask: ffffffff
Dec 22 18:19:51 nixos kernel: clocksource:                       'tsc' cs_nsec: 503923572 cs_now: a7e26e4cf cs_last: a1b0f4403 mask: ffffffffffffffff
Dec 22 18:19:51 nixos kernel: clocksource:                       'tsc' is current clocksource.
Dec 22 18:19:51 nixos kernel: tsc: Marking TSC unstable due to clocksource watchdog
Dec 22 18:19:51 nixos kernel: TSC found unstable after boot, most likely due to broken BIOS. Use 'tsc=unstable'.
Dec 22 18:19:51 nixos kernel: sched_clock: Marking unstable (2578048745, 202741)<-(2596319915, -18068334)
Dec 22 18:19:51 nixos kernel: clocksource: Checking clocksource tsc synchronization from CPU 12 to CPUs 0-1,3-5,7,13.
Dec 22 18:19:51 nixos kernel: clocksource: Switched to clocksource hpet
Dec 22 18:19:51 nixos systemd[1]: Starting Rule-based Manager for Device Events and Files...
 Subject: A start job for unit systemd-udevd.service has begun execution
 Defined-By: systemd
 Support: https://lists.freedesktop.org/mailman/listinfo/systemd-devel
 
 A start job for unit systemd-udevd.service has begun execution.
 
 The job identifier is 27.
Dec 22 18:19:51 nixos systemd-udevd[810]: Using default interface naming scheme 'v253'.
Dec 22 18:19:51 nixos systemd[1]: Started Rule-based Manager for Device Events and Files.
 Subject: A start job for unit systemd-udevd.service has finished successfully
 Defined-By: systemd
 Support: https://lists.freedesktop.org/mailman/listinfo/systemd-devel
 
 A start job for unit systemd-udevd.service has finished successfully.
 
 The job identifier is 27.
Dec 22 18:19:51 nixos kernel: hub 4-1.3:1.0: USB hub found
Dec 22 18:19:51 nixos kernel: hub 4-1.3:1.0: 4 ports detected
Dec 22 18:19:51 nixos mtp-probe[829]: checking bus 4, device 3: "/sys/devices/pci0000:00/0000:00:08.1/0000:06:00.4/usb4/4-1/4-1.2"
